Blender 4.5.3 LTS (hash 67807e1800cc built 2025-09-09 01:38:15)
Fra:1 Mem:41.51M (Peak 41.51M) | Time:00:00.47 | Rendering 1 / 64 samples
Fra:1 Mem:41.51M (Peak 41.51M) | Time:00:00.47 | Rendering 25 / 64 samples
Fra:1 Mem:41.51M (Peak 41.51M) | Time:00:00.48 | Rendering 50 / 64 samples
Fra:1 Mem:41.51M (Peak 41.51M) | Time:00:00.49 | Rendering 64 / 64 samples
Saved: '/home/tednological/Cognitohazard/Cognitohazard_V1/cognitohazard-v-1/assets/tilesets/scientific/albedo/floor_plain.png'
Time: 00:00.51 (Saving: 00:00.01)

Fra:1 Mem:41.44M (Peak 41.44M) | Time:00:00.01 | Rendering 1 / 64 samples
Fra:1 Mem:41.44M (Peak 41.44M) | Time:00:00.02 | Rendering 25 / 64 samples
Fra:1 Mem:41.44M (Peak 41.44M) | Time:00:00.03 | Rendering 50 / 64 samples
Fra:1 Mem:41.44M (Peak 41.44M) | Time:00:00.03 | Rendering 64 / 64 samples
Saved: '/home/tednological/Cognitohazard/Cognitohazard_V1/cognitohazard-v-1/assets/tilesets/scientific/normal/floor_plain.png'
Time: 00:00.05 (Saving: 00:00.00)

Fra:1 Mem:41.51M (Peak 41.51M) | Time:00:00.01 | Rendering 1 / 64 samples
Fra:1 Mem:41.51M (Peak 41.51M) | Time:00:00.02 | Rendering 25 / 64 samples
Fra:1 Mem:41.51M (Peak 41.51M) | Time:00:00.02 | Rendering 50 / 64 samples
Fra:1 Mem:41.51M (Peak 41.51M) | Time:00:00.03 | Rendering 64 / 64 samples
Saved: '/home/tednological/Cognitohazard/Cognitohazard_V1/cognitohazard-v-1/assets/tilesets/scientific/emission/floor_plain.png'
Time: 00:00.06 (Saving: 00:00.00)

TILESET_RENDERED scientific floor_plain
Fra:1 Mem:43.49M (Peak 43.49M) | Time:00:00.01 | Rendering 1 / 64 samples
Fra:1 Mem:43.49M (Peak 43.49M) | Time:00:00.02 | Rendering 25 / 64 samples
Fra:1 Mem:43.49M (Peak 43.49M) | Time:00:00.03 | Rendering 50 / 64 samples
Fra:1 Mem:43.49M (Peak 43.49M) | Time:00:00.03 | Rendering 64 / 64 samples
Saved: '/home/tednological/Cognitohazard/Cognitohazard_V1/cognitohazard-v-1/assets/tilesets/scientific/albedo/floor_plates.png'
Time: 00:00.06 (Saving: 00:00.00)

Fra:1 Mem:43.34M (Peak 43.34M) | Time:00:00.01 | Rendering 1 / 64 samples
Fra:1 Mem:43.34M (Peak 43.34M) | Time:00:00.02 | Rendering 25 / 64 samples
Fra:1 Mem:43.34M (Peak 43.34M) | Time:00:00.03 | Rendering 50 / 64 samples
Fra:1 Mem:43.34M (Peak 43.34M) | Time:00:00.03 | Rendering 64 / 64 samples
Saved: '/home/tednological/Cognitohazard/Cognitohazard_V1/cognitohazard-v-1/assets/tilesets/scientific/normal/floor_plates.png'
Time: 00:00.06 (Saving: 00:00.00)

Fra:1 Mem:43.30M (Peak 43.30M) | Time:00:00.01 | Rendering 1 / 64 samples
Fra:1 Mem:43.30M (Peak 43.30M) | Time:00:00.02 | Rendering 25 / 64 samples
Fra:1 Mem:43.30M (Peak 43.30M) | Time:00:00.03 | Rendering 50 / 64 samples
Fra:1 Mem:43.30M (Peak 43.30M) | Time:00:00.03 | Rendering 64 / 64 samples
Saved: '/home/tednological/Cognitohazard/Cognitohazard_V1/cognitohazard-v-1/assets/tilesets/scientific/emission/floor_plates.png'
Time: 00:00.06 (Saving: 00:00.00)

TILESET_RENDERED scientific floor_plates
Fra:1 Mem:45.26M (Peak 45.26M) | Time:00:00.01 | Rendering 1 / 64 samples
Fra:1 Mem:45.26M (Peak 45.26M) | Time:00:00.02 | Rendering 25 / 64 samples
Fra:1 Mem:45.26M (Peak 45.26M) | Time:00:00.02 | Rendering 50 / 64 samples
Fra:1 Mem:45.26M (Peak 45.26M) | Time:00:00.03 | Rendering 64 / 64 samples
Saved: '/home/tednological/Cognitohazard/Cognitohazard_V1/cognitohazard-v-1/assets/tilesets/scientific/albedo/floor_grate.png'
Time: 00:00.06 (Saving: 00:00.00)

Fra:1 Mem:45.08M (Peak 45.08M) | Time:00:00.01 | Rendering 1 / 64 samples
Fra:1 Mem:45.08M (Peak 45.08M) | Time:00:00.02 | Rendering 25 / 64 samples
Fra:1 Mem:45.08M (Peak 45.08M) | Time:00:00.03 | Rendering 50 / 64 samples
Fra:1 Mem:45.08M (Peak 45.08M) | Time:00:00.03 | Rendering 64 / 64 samples
Saved: '/home/tednological/Cognitohazard/Cognitohazard_V1/cognitohazard-v-1/assets/tilesets/scientific/normal/floor_grate.png'
Time: 00:00.06 (Saving: 00:00.00)

Fra:1 Mem:45.04M (Peak 45.04M) | Time:00:00.01 | Rendering 1 / 64 samples
Fra:1 Mem:45.04M (Peak 45.04M) | Time:00:00.02 | Rendering 25 / 64 samples
Fra:1 Mem:45.04M (Peak 45.04M) | Time:00:00.03 | Rendering 50 / 64 samples
Fra:1 Mem:45.04M (Peak 45.04M) | Time:00:00.03 | Rendering 64 / 64 samples
Saved: '/home/tednological/Cognitohazard/Cognitohazard_V1/cognitohazard-v-1/assets/tilesets/scientific/emission/floor_grate.png'
Time: 00:00.06 (Saving: 00:00.00)

TILESET_RENDERED scientific floor_grate
Fra:1 Mem:47.04M (Peak 47.04M) | Time:00:00.01 | Rendering 1 / 64 samples
Fra:1 Mem:47.04M (Peak 47.04M) | Time:00:00.02 | Rendering 25 / 64 samples
Fra:1 Mem:47.04M (Peak 47.04M) | Time:00:00.03 | Rendering 50 / 64 samples
Fra:1 Mem:47.04M (Peak 47.04M) | Time:00:00.03 | Rendering 64 / 64 samples
Saved: '/home/tednological/Cognitohazard/Cognitohazard_V1/cognitohazard-v-1/assets/tilesets/scientific/albedo/floor_drain.png'
Time: 00:00.06 (Saving: 00:00.00)

Fra:1 Mem:46.75M (Peak 46.75M) | Time:00:00.01 | Rendering 1 / 64 samples
Fra:1 Mem:46.75M (Peak 46.75M) | Time:00:00.02 | Rendering 25 / 64 samples
Fra:1 Mem:46.75M (Peak 46.75M) | Time:00:00.03 | Rendering 50 / 64 samples
Fra:1 Mem:46.75M (Peak 46.75M) | Time:00:00.03 | Rendering 64 / 64 samples
Saved: '/home/tednological/Cognitohazard/Cognitohazard_V1/cognitohazard-v-1/assets/tilesets/scientific/normal/floor_drain.png'
Time: 00:00.08 (Saving: 00:00.00)

Fra:1 Mem:46.71M (Peak 46.71M) | Time:00:00.02 | Rendering 1 / 64 samples
Fra:1 Mem:46.71M (Peak 46.71M) | Time:00:00.03 | Rendering 25 / 64 samples
Fra:1 Mem:46.71M (Peak 46.71M) | Time:00:00.04 | Rendering 50 / 64 samples
Fra:1 Mem:46.71M (Peak 46.71M) | Time:00:00.04 | Rendering 64 / 64 samples
Saved: '/home/tednological/Cognitohazard/Cognitohazard_V1/cognitohazard-v-1/assets/tilesets/scientific/emission/floor_drain.png'
Time: 00:00.09 (Saving: 00:00.00)

TILESET_RENDERED scientific floor_drain
Fra:1 Mem:46.46M (Peak 46.46M) | Time:00:00.03 | Rendering 1 / 64 samples
Fra:1 Mem:46.46M (Peak 46.46M) | Time:00:00.03 | Rendering 25 / 64 samples
Fra:1 Mem:46.46M (Peak 46.46M) | Time:00:00.04 | Rendering 50 / 64 samples
Fra:1 Mem:46.46M (Peak 46.46M) | Time:00:00.04 | Rendering 64 / 64 samples
Saved: '/home/tednological/Cognitohazard/Cognitohazard_V1/cognitohazard-v-1/assets/tilesets/scientific/albedo/floor_conduit.png'
Time: 00:00.08 (Saving: 00:00.00)

Fra:1 Mem:46.14M (Peak 46.14M) | Time:00:00.01 | Rendering 1 / 64 samples
Fra:1 Mem:46.14M (Peak 46.14M) | Time:00:00.01 | Rendering 25 / 64 samples
Fra:1 Mem:46.14M (Peak 46.14M) | Time:00:00.02 | Rendering 50 / 64 samples
Fra:1 Mem:46.14M (Peak 46.14M) | Time:00:00.03 | Rendering 64 / 64 samples
Saved: '/home/tednological/Cognitohazard/Cognitohazard_V1/cognitohazard-v-1/assets/tilesets/scientific/normal/floor_conduit.png'
Time: 00:00.06 (Saving: 00:00.00)

Fra:1 Mem:46.10M (Peak 46.10M) | Time:00:00.01 | Rendering 1 / 64 samples
Fra:1 Mem:46.10M (Peak 46.10M) | Time:00:00.02 | Rendering 25 / 64 samples
Fra:1 Mem:46.10M (Peak 46.10M) | Time:00:00.02 | Rendering 50 / 64 samples
Fra:1 Mem:46.10M (Peak 46.10M) | Time:00:00.03 | Rendering 64 / 64 samples
Saved: '/home/tednological/Cognitohazard/Cognitohazard_V1/cognitohazard-v-1/assets/tilesets/scientific/emission/floor_conduit.png'
Time: 00:00.06 (Saving: 00:00.00)

TILESET_RENDERED scientific floor_conduit
Fra:1 Mem:46.83M (Peak 46.83M) | Time:00:00.01 | Rendering 1 / 64 samples
Fra:1 Mem:46.83M (Peak 46.83M) | Time:00:00.02 | Rendering 25 / 64 samples
Fra:1 Mem:46.83M (Peak 46.83M) | Time:00:00.02 | Rendering 50 / 64 samples
Fra:1 Mem:46.83M (Peak 46.83M) | Time:00:00.03 | Rendering 64 / 64 samples
Saved: '/home/tednological/Cognitohazard/Cognitohazard_V1/cognitohazard-v-1/assets/tilesets/scientific/albedo/floor_inset.png'
Time: 00:00.06 (Saving: 00:00.00)

Fra:1 Mem:46.49M (Peak 46.49M) | Time:00:00.01 | Rendering 1 / 64 samples
Fra:1 Mem:46.49M (Peak 46.49M) | Time:00:00.01 | Rendering 25 / 64 samples
Fra:1 Mem:46.49M (Peak 46.49M) | Time:00:00.02 | Rendering 50 / 64 samples
Fra:1 Mem:46.49M (Peak 46.49M) | Time:00:00.03 | Rendering 64 / 64 samples
Saved: '/home/tednological/Cognitohazard/Cognitohazard_V1/cognitohazard-v-1/assets/tilesets/scientific/normal/floor_inset.png'
Time: 00:00.06 (Saving: 00:00.00)

Fra:1 Mem:46.44M (Peak 46.44M) | Time:00:00.01 | Rendering 1 / 64 samples
Fra:1 Mem:46.44M (Peak 46.44M) | Time:00:00.01 | Rendering 25 / 64 samples
Fra:1 Mem:46.44M (Peak 46.44M) | Time:00:00.02 | Rendering 50 / 64 samples
Fra:1 Mem:46.44M (Peak 46.44M) | Time:00:00.03 | Rendering 64 / 64 samples
Saved: '/home/tednological/Cognitohazard/Cognitohazard_V1/cognitohazard-v-1/assets/tilesets/scientific/emission/floor_inset.png'
Time: 00:00.06 (Saving: 00:00.00)

TILESET_RENDERED scientific floor_inset
Fra:1 Mem:50.09M (Peak 50.77M) | Time:00:00.01 | Rendering 1 / 64 samples
Fra:1 Mem:50.09M (Peak 50.77M) | Time:00:00.02 | Rendering 25 / 64 samples
Fra:1 Mem:50.09M (Peak 50.77M) | Time:00:00.03 | Rendering 50 / 64 samples
Fra:1 Mem:50.09M (Peak 50.77M) | Time:00:00.03 | Rendering 64 / 64 samples
Saved: '/home/tednological/Cognitohazard/Cognitohazard_V1/cognitohazard-v-1/assets/tilesets/scientific/albedo/floor_worn.png'
Time: 00:00.06 (Saving: 00:00.00)

Fra:1 Mem:49.77M (Peak 50.44M) | Time:00:00.01 | Rendering 1 / 64 samples
Fra:1 Mem:49.77M (Peak 50.44M) | Time:00:00.02 | Rendering 25 / 64 samples
Fra:1 Mem:49.77M (Peak 50.44M) | Time:00:00.03 | Rendering 50 / 64 samples
Fra:1 Mem:49.77M (Peak 50.44M) | Time:00:00.03 | Rendering 64 / 64 samples
Saved: '/home/tednological/Cognitohazard/Cognitohazard_V1/cognitohazard-v-1/assets/tilesets/scientific/normal/floor_worn.png'
Time: 00:00.06 (Saving: 00:00.00)

Fra:1 Mem:49.72M (Peak 49.72M) | Time:00:00.01 | Rendering 1 / 64 samples
Fra:1 Mem:49.72M (Peak 49.72M) | Time:00:00.02 | Rendering 25 / 64 samples
Fra:1 Mem:49.72M (Peak 49.72M) | Time:00:00.03 | Rendering 50 / 64 samples
Fra:1 Mem:49.72M (Peak 49.72M) | Time:00:00.03 | Rendering 64 / 64 samples
Saved: '/home/tednological/Cognitohazard/Cognitohazard_V1/cognitohazard-v-1/assets/tilesets/scientific/emission/floor_worn.png'
Time: 00:00.06 (Saving: 00:00.00)

TILESET_RENDERED scientific floor_worn
Fra:1 Mem:55.73M (Peak 55.87M) | Time:00:00.02 | Rendering 1 / 64 samples
Fra:1 Mem:55.73M (Peak 55.87M) | Time:00:00.03 | Rendering 25 / 64 samples
Fra:1 Mem:55.73M (Peak 55.87M) | Time:00:00.04 | Rendering 50 / 64 samples
Fra:1 Mem:55.73M (Peak 55.87M) | Time:00:00.04 | Rendering 64 / 64 samples
Saved: '/home/tednological/Cognitohazard/Cognitohazard_V1/cognitohazard-v-1/assets/tilesets/scientific/albedo/floor_raised.png'
Time: 00:00.07 (Saving: 00:00.00)

Fra:1 Mem:55.02M (Peak 55.02M) | Time:00:00.02 | Rendering 1 / 64 samples
Fra:1 Mem:55.02M (Peak 55.02M) | Time:00:00.02 | Rendering 25 / 64 samples
Fra:1 Mem:55.02M (Peak 55.02M) | Time:00:00.03 | Rendering 50 / 64 samples
Fra:1 Mem:55.02M (Peak 55.02M) | Time:00:00.04 | Rendering 64 / 64 samples
Saved: '/home/tednological/Cognitohazard/Cognitohazard_V1/cognitohazard-v-1/assets/tilesets/scientific/normal/floor_raised.png'
Time: 00:00.07 (Saving: 00:00.00)

Fra:1 Mem:54.98M (Peak 54.98M) | Time:00:00.02 | Rendering 1 / 64 samples
Fra:1 Mem:54.98M (Peak 54.98M) | Time:00:00.03 | Rendering 25 / 64 samples
Fra:1 Mem:54.98M (Peak 54.98M) | Time:00:00.04 | Rendering 50 / 64 samples
Fra:1 Mem:54.98M (Peak 54.98M) | Time:00:00.04 | Rendering 64 / 64 samples
Saved: '/home/tednological/Cognitohazard/Cognitohazard_V1/cognitohazard-v-1/assets/tilesets/scientific/emission/floor_raised.png'
Time: 00:00.07 (Saving: 00:00.00)

TILESET_RENDERED scientific floor_raised
Fra:1 Mem:50.44M (Peak 50.44M) | Time:00:00.01 | Rendering 1 / 64 samples
Fra:1 Mem:50.44M (Peak 50.44M) | Time:00:00.02 | Rendering 25 / 64 samples
Fra:1 Mem:50.44M (Peak 50.44M) | Time:00:00.03 | Rendering 50 / 64 samples
Fra:1 Mem:50.44M (Peak 50.44M) | Time:00:00.03 | Rendering 64 / 64 samples
Saved: '/home/tednological/Cognitohazard/Cognitohazard_V1/cognitohazard-v-1/assets/tilesets/scientific/albedo/wall_00.png'
Time: 00:00.04 (Saving: 00:00.00)

Fra:1 Mem:50.38M (Peak 50.38M) | Time:00:00.01 | Rendering 1 / 64 samples
Fra:1 Mem:50.38M (Peak 50.38M) | Time:00:00.01 | Rendering 25 / 64 samples
Fra:1 Mem:50.38M (Peak 50.38M) | Time:00:00.02 | Rendering 50 / 64 samples
Fra:1 Mem:50.38M (Peak 50.38M) | Time:00:00.03 | Rendering 64 / 64 samples
Saved: '/home/tednological/Cognitohazard/Cognitohazard_V1/cognitohazard-v-1/assets/tilesets/scientific/normal/wall_00.png'
Time: 00:00.05 (Saving: 00:00.00)

Fra:1 Mem:50.33M (Peak 50.33M) | Time:00:00.01 | Rendering 1 / 64 samples
Fra:1 Mem:50.33M (Peak 50.33M) | Time:00:00.02 | Rendering 25 / 64 samples
Fra:1 Mem:50.33M (Peak 50.33M) | Time:00:00.02 | Rendering 50 / 64 samples
Fra:1 Mem:50.33M (Peak 50.33M) | Time:00:00.03 | Rendering 64 / 64 samples
Saved: '/home/tednological/Cognitohazard/Cognitohazard_V1/cognitohazard-v-1/assets/tilesets/scientific/emission/wall_00.png'
Time: 00:00.05 (Saving: 00:00.00)

TILESET_RENDERED scientific wall_00
Fra:1 Mem:51.07M (Peak 51.07M) | Time:00:00.01 | Rendering 1 / 64 samples
Fra:1 Mem:51.07M (Peak 51.07M) | Time:00:00.01 | Rendering 25 / 64 samples
Fra:1 Mem:51.07M (Peak 51.07M) | Time:00:00.02 | Rendering 50 / 64 samples
Fra:1 Mem:51.07M (Peak 51.07M) | Time:00:00.03 | Rendering 64 / 64 samples
Saved: '/home/tednological/Cognitohazard/Cognitohazard_V1/cognitohazard-v-1/assets/tilesets/scientific/albedo/wall_01.png'
Time: 00:00.05 (Saving: 00:00.00)

Fra:1 Mem:51.06M (Peak 51.06M) | Time:00:00.01 | Rendering 1 / 64 samples
Fra:1 Mem:51.06M (Peak 51.06M) | Time:00:00.01 | Rendering 25 / 64 samples
Fra:1 Mem:51.06M (Peak 51.06M) | Time:00:00.02 | Rendering 50 / 64 samples
Fra:1 Mem:51.06M (Peak 51.06M) | Time:00:00.03 | Rendering 64 / 64 samples
Saved: '/home/tednological/Cognitohazard/Cognitohazard_V1/cognitohazard-v-1/assets/tilesets/scientific/normal/wall_01.png'
Time: 00:00.05 (Saving: 00:00.00)

Fra:1 Mem:51.02M (Peak 51.02M) | Time:00:00.01 | Rendering 1 / 64 samples
Fra:1 Mem:51.02M (Peak 51.02M) | Time:00:00.02 | Rendering 25 / 64 samples
Fra:1 Mem:51.02M (Peak 51.02M) | Time:00:00.02 | Rendering 50 / 64 samples
Fra:1 Mem:51.02M (Peak 51.02M) | Time:00:00.03 | Rendering 64 / 64 samples
Saved: '/home/tednological/Cognitohazard/Cognitohazard_V1/cognitohazard-v-1/assets/tilesets/scientific/emission/wall_01.png'
Time: 00:00.05 (Saving: 00:00.00)

TILESET_RENDERED scientific wall_01
Fra:1 Mem:51.43M (Peak 51.43M) | Time:00:00.01 | Rendering 1 / 64 samples
Fra:1 Mem:51.43M (Peak 51.43M) | Time:00:00.02 | Rendering 25 / 64 samples
Fra:1 Mem:51.43M (Peak 51.43M) | Time:00:00.02 | Rendering 50 / 64 samples
Fra:1 Mem:51.43M (Peak 51.43M) | Time:00:00.03 | Rendering 64 / 64 samples
Saved: '/home/tednological/Cognitohazard/Cognitohazard_V1/cognitohazard-v-1/assets/tilesets/scientific/albedo/wall_02.png'
Time: 00:00.05 (Saving: 00:00.00)

Fra:1 Mem:51.43M (Peak 51.43M) | Time:00:00.01 | Rendering 1 / 64 samples
Fra:1 Mem:51.43M (Peak 51.43M) | Time:00:00.01 | Rendering 25 / 64 samples
Fra:1 Mem:51.43M (Peak 51.43M) | Time:00:00.02 | Rendering 50 / 64 samples
Fra:1 Mem:51.43M (Peak 51.43M) | Time:00:00.03 | Rendering 64 / 64 samples
Saved: '/home/tednological/Cognitohazard/Cognitohazard_V1/cognitohazard-v-1/assets/tilesets/scientific/normal/wall_02.png'
Time: 00:00.05 (Saving: 00:00.00)

Fra:1 Mem:51.38M (Peak 51.38M) | Time:00:00.01 | Rendering 1 / 64 samples
Fra:1 Mem:51.38M (Peak 51.38M) | Time:00:00.01 | Rendering 25 / 64 samples
Fra:1 Mem:51.38M (Peak 51.38M) | Time:00:00.02 | Rendering 50 / 64 samples
Fra:1 Mem:51.38M (Peak 51.38M) | Time:00:00.03 | Rendering 64 / 64 samples
Saved: '/home/tednological/Cognitohazard/Cognitohazard_V1/cognitohazard-v-1/assets/tilesets/scientific/emission/wall_02.png'
Time: 00:00.05 (Saving: 00:00.00)

TILESET_RENDERED scientific wall_02
Fra:1 Mem:52.03M (Peak 52.03M) | Time:00:00.01 | Rendering 1 / 64 samples
Fra:1 Mem:52.03M (Peak 52.03M) | Time:00:00.02 | Rendering 25 / 64 samples
Fra:1 Mem:52.03M (Peak 52.03M) | Time:00:00.02 | Rendering 50 / 64 samples
Fra:1 Mem:52.03M (Peak 52.03M) | Time:00:00.03 | Rendering 64 / 64 samples
Saved: '/home/tednological/Cognitohazard/Cognitohazard_V1/cognitohazard-v-1/assets/tilesets/scientific/albedo/wall_03.png'
Time: 00:00.05 (Saving: 00:00.00)

Fra:1 Mem:52.05M (Peak 52.05M) | Time:00:00.01 | Rendering 1 / 64 samples
Fra:1 Mem:52.05M (Peak 52.05M) | Time:00:00.02 | Rendering 25 / 64 samples
Fra:1 Mem:52.05M (Peak 52.05M) | Time:00:00.02 | Rendering 50 / 64 samples
Fra:1 Mem:52.05M (Peak 52.05M) | Time:00:00.03 | Rendering 64 / 64 samples
Saved: '/home/tednological/Cognitohazard/Cognitohazard_V1/cognitohazard-v-1/assets/tilesets/scientific/normal/wall_03.png'
Time: 00:00.05 (Saving: 00:00.00)

Fra:1 Mem:52.01M (Peak 52.01M) | Time:00:00.01 | Rendering 1 / 64 samples
Fra:1 Mem:52.01M (Peak 52.01M) | Time:00:00.02 | Rendering 25 / 64 samples
Fra:1 Mem:52.01M (Peak 52.01M) | Time:00:00.02 | Rendering 50 / 64 samples
Fra:1 Mem:52.01M (Peak 52.01M) | Time:00:00.03 | Rendering 64 / 64 samples
Saved: '/home/tednological/Cognitohazard/Cognitohazard_V1/cognitohazard-v-1/assets/tilesets/scientific/emission/wall_03.png'
Time: 00:00.05 (Saving: 00:00.00)

TILESET_RENDERED scientific wall_03
Fra:1 Mem:52.27M (Peak 52.27M) | Time:00:00.01 | Rendering 1 / 64 samples
Fra:1 Mem:52.27M (Peak 52.27M) | Time:00:00.01 | Rendering 25 / 64 samples
Fra:1 Mem:52.27M (Peak 52.27M) | Time:00:00.02 | Rendering 50 / 64 samples
Fra:1 Mem:52.27M (Peak 52.27M) | Time:00:00.03 | Rendering 64 / 64 samples
Saved: '/home/tednological/Cognitohazard/Cognitohazard_V1/cognitohazard-v-1/assets/tilesets/scientific/albedo/wall_04.png'
Time: 00:00.05 (Saving: 00:00.00)

Fra:1 Mem:52.26M (Peak 52.26M) | Time:00:00.01 | Rendering 1 / 64 samples
Fra:1 Mem:52.26M (Peak 52.26M) | Time:00:00.01 | Rendering 25 / 64 samples
Fra:1 Mem:52.26M (Peak 52.26M) | Time:00:00.02 | Rendering 50 / 64 samples
Fra:1 Mem:52.26M (Peak 52.26M) | Time:00:00.03 | Rendering 64 / 64 samples
Saved: '/home/tednological/Cognitohazard/Cognitohazard_V1/cognitohazard-v-1/assets/tilesets/scientific/normal/wall_04.png'
Time: 00:00.05 (Saving: 00:00.00)

Fra:1 Mem:52.22M (Peak 52.22M) | Time:00:00.01 | Rendering 1 / 64 samples
Fra:1 Mem:52.22M (Peak 52.22M) | Time:00:00.01 | Rendering 25 / 64 samples
Fra:1 Mem:52.22M (Peak 52.22M) | Time:00:00.02 | Rendering 50 / 64 samples
Fra:1 Mem:52.22M (Peak 52.22M) | Time:00:00.03 | Rendering 64 / 64 samples
Saved: '/home/tednological/Cognitohazard/Cognitohazard_V1/cognitohazard-v-1/assets/tilesets/scientific/emission/wall_04.png'
Time: 00:00.05 (Saving: 00:00.00)

TILESET_RENDERED scientific wall_04
Fra:1 Mem:52.87M (Peak 52.87M) | Time:00:00.01 | Rendering 1 / 64 samples
Fra:1 Mem:52.87M (Peak 52.87M) | Time:00:00.02 | Rendering 25 / 64 samples
Fra:1 Mem:52.87M (Peak 52.87M) | Time:00:00.02 | Rendering 50 / 64 samples
Fra:1 Mem:52.87M (Peak 52.87M) | Time:00:00.03 | Rendering 64 / 64 samples
Saved: '/home/tednological/Cognitohazard/Cognitohazard_V1/cognitohazard-v-1/assets/tilesets/scientific/albedo/wall_05.png'
Time: 00:00.05 (Saving: 00:00.00)

Fra:1 Mem:52.89M (Peak 52.89M) | Time:00:00.01 | Rendering 1 / 64 samples
Fra:1 Mem:52.89M (Peak 52.89M) | Time:00:00.01 | Rendering 25 / 64 samples
Fra:1 Mem:52.89M (Peak 52.89M) | Time:00:00.02 | Rendering 50 / 64 samples
Fra:1 Mem:52.89M (Peak 52.89M) | Time:00:00.03 | Rendering 64 / 64 samples
Saved: '/home/tednological/Cognitohazard/Cognitohazard_V1/cognitohazard-v-1/assets/tilesets/scientific/normal/wall_05.png'
Time: 00:00.05 (Saving: 00:00.00)

Fra:1 Mem:52.84M (Peak 52.84M) | Time:00:00.01 | Rendering 1 / 64 samples
Fra:1 Mem:52.84M (Peak 52.84M) | Time:00:00.01 | Rendering 25 / 64 samples
Fra:1 Mem:52.84M (Peak 52.84M) | Time:00:00.02 | Rendering 50 / 64 samples
Fra:1 Mem:52.84M (Peak 52.84M) | Time:00:00.03 | Rendering 64 / 64 samples
Saved: '/home/tednological/Cognitohazard/Cognitohazard_V1/cognitohazard-v-1/assets/tilesets/scientific/emission/wall_05.png'
Time: 00:00.05 (Saving: 00:00.00)

TILESET_RENDERED scientific wall_05
Fra:1 Mem:53.33M (Peak 53.33M) | Time:00:00.01 | Rendering 1 / 64 samples
Fra:1 Mem:53.33M (Peak 53.33M) | Time:00:00.02 | Rendering 25 / 64 samples
Fra:1 Mem:53.33M (Peak 53.33M) | Time:00:00.02 | Rendering 50 / 64 samples
Fra:1 Mem:53.33M (Peak 53.33M) | Time:00:00.03 | Rendering 64 / 64 samples
Saved: '/home/tednological/Cognitohazard/Cognitohazard_V1/cognitohazard-v-1/assets/tilesets/scientific/albedo/wall_06.png'
Time: 00:00.05 (Saving: 00:00.00)

Fra:1 Mem:53.35M (Peak 53.35M) | Time:00:00.01 | Rendering 1 / 64 samples
Fra:1 Mem:53.35M (Peak 53.35M) | Time:00:00.01 | Rendering 25 / 64 samples
Fra:1 Mem:53.35M (Peak 53.35M) | Time:00:00.02 | Rendering 50 / 64 samples
Fra:1 Mem:53.35M (Peak 53.35M) | Time:00:00.03 | Rendering 64 / 64 samples
Saved: '/home/tednological/Cognitohazard/Cognitohazard_V1/cognitohazard-v-1/assets/tilesets/scientific/normal/wall_06.png'
Time: 00:00.05 (Saving: 00:00.00)

Fra:1 Mem:53.31M (Peak 53.31M) | Time:00:00.01 | Rendering 1 / 64 samples
Fra:1 Mem:53.31M (Peak 53.31M) | Time:00:00.02 | Rendering 25 / 64 samples
Fra:1 Mem:53.31M (Peak 53.31M) | Time:00:00.02 | Rendering 50 / 64 samples
Fra:1 Mem:53.31M (Peak 53.31M) | Time:00:00.03 | Rendering 64 / 64 samples
Saved: '/home/tednological/Cognitohazard/Cognitohazard_V1/cognitohazard-v-1/assets/tilesets/scientific/emission/wall_06.png'
Time: 00:00.05 (Saving: 00:00.00)

TILESET_RENDERED scientific wall_06
Fra:1 Mem:54.18M (Peak 54.18M) | Time:00:00.01 | Rendering 1 / 64 samples
Fra:1 Mem:54.18M (Peak 54.18M) | Time:00:00.02 | Rendering 25 / 64 samples
Fra:1 Mem:54.18M (Peak 54.18M) | Time:00:00.02 | Rendering 50 / 64 samples
Fra:1 Mem:54.18M (Peak 54.18M) | Time:00:00.03 | Rendering 64 / 64 samples
Saved: '/home/tednological/Cognitohazard/Cognitohazard_V1/cognitohazard-v-1/assets/tilesets/scientific/albedo/wall_07.png'
Time: 00:00.05 (Saving: 00:00.00)

Fra:1 Mem:54.20M (Peak 54.20M) | Time:00:00.01 | Rendering 1 / 64 samples
Fra:1 Mem:54.20M (Peak 54.20M) | Time:00:00.02 | Rendering 25 / 64 samples
Fra:1 Mem:54.20M (Peak 54.20M) | Time:00:00.02 | Rendering 50 / 64 samples
Fra:1 Mem:54.20M (Peak 54.20M) | Time:00:00.03 | Rendering 64 / 64 samples
Saved: '/home/tednological/Cognitohazard/Cognitohazard_V1/cognitohazard-v-1/assets/tilesets/scientific/normal/wall_07.png'
Time: 00:00.05 (Saving: 00:00.00)

Fra:1 Mem:54.16M (Peak 54.16M) | Time:00:00.01 | Rendering 1 / 64 samples
Fra:1 Mem:54.16M (Peak 54.16M) | Time:00:00.02 | Rendering 25 / 64 samples
Fra:1 Mem:54.16M (Peak 54.16M) | Time:00:00.03 | Rendering 50 / 64 samples
Fra:1 Mem:54.16M (Peak 54.16M) | Time:00:00.03 | Rendering 64 / 64 samples
Saved: '/home/tednological/Cognitohazard/Cognitohazard_V1/cognitohazard-v-1/assets/tilesets/scientific/emission/wall_07.png'
Time: 00:00.05 (Saving: 00:00.00)

TILESET_RENDERED scientific wall_07
Fra:1 Mem:54.20M (Peak 54.20M) | Time:00:00.01 | Rendering 1 / 64 samples
Fra:1 Mem:54.20M (Peak 54.20M) | Time:00:00.01 | Rendering 25 / 64 samples
Fra:1 Mem:54.20M (Peak 54.20M) | Time:00:00.02 | Rendering 50 / 64 samples
Fra:1 Mem:54.20M (Peak 54.20M) | Time:00:00.03 | Rendering 64 / 64 samples
Saved: '/home/tednological/Cognitohazard/Cognitohazard_V1/cognitohazard-v-1/assets/tilesets/scientific/albedo/wall_08.png'
Time: 00:00.05 (Saving: 00:00.00)

Fra:1 Mem:54.19M (Peak 54.19M) | Time:00:00.01 | Rendering 1 / 64 samples
Fra:1 Mem:54.19M (Peak 54.19M) | Time:00:00.01 | Rendering 25 / 64 samples
Fra:1 Mem:54.19M (Peak 54.19M) | Time:00:00.02 | Rendering 50 / 64 samples
Fra:1 Mem:54.19M (Peak 54.19M) | Time:00:00.03 | Rendering 64 / 64 samples
Saved: '/home/tednological/Cognitohazard/Cognitohazard_V1/cognitohazard-v-1/assets/tilesets/scientific/normal/wall_08.png'
Time: 00:00.05 (Saving: 00:00.00)

Fra:1 Mem:54.15M (Peak 54.15M) | Time:00:00.01 | Rendering 1 / 64 samples
Fra:1 Mem:54.15M (Peak 54.15M) | Time:00:00.02 | Rendering 25 / 64 samples
Fra:1 Mem:54.15M (Peak 54.15M) | Time:00:00.02 | Rendering 50 / 64 samples
Fra:1 Mem:54.15M (Peak 54.15M) | Time:00:00.03 | Rendering 64 / 64 samples
Saved: '/home/tednological/Cognitohazard/Cognitohazard_V1/cognitohazard-v-1/assets/tilesets/scientific/emission/wall_08.png'
Time: 00:00.05 (Saving: 00:00.00)

TILESET_RENDERED scientific wall_08
Fra:1 Mem:54.80M (Peak 54.80M) | Time:00:00.01 | Rendering 1 / 64 samples
Fra:1 Mem:54.80M (Peak 54.80M) | Time:00:00.02 | Rendering 25 / 64 samples
Fra:1 Mem:54.80M (Peak 54.80M) | Time:00:00.02 | Rendering 50 / 64 samples
Fra:1 Mem:54.80M (Peak 54.80M) | Time:00:00.03 | Rendering 64 / 64 samples
Saved: '/home/tednological/Cognitohazard/Cognitohazard_V1/cognitohazard-v-1/assets/tilesets/scientific/albedo/wall_09.png'
Time: 00:00.05 (Saving: 00:00.00)

Fra:1 Mem:54.82M (Peak 54.82M) | Time:00:00.01 | Rendering 1 / 64 samples
Fra:1 Mem:54.82M (Peak 54.82M) | Time:00:00.02 | Rendering 25 / 64 samples
Fra:1 Mem:54.82M (Peak 54.82M) | Time:00:00.02 | Rendering 50 / 64 samples
Fra:1 Mem:54.82M (Peak 54.82M) | Time:00:00.03 | Rendering 64 / 64 samples
Saved: '/home/tednological/Cognitohazard/Cognitohazard_V1/cognitohazard-v-1/assets/tilesets/scientific/normal/wall_09.png'
Time: 00:00.05 (Saving: 00:00.00)

Fra:1 Mem:54.77M (Peak 54.77M) | Time:00:00.01 | Rendering 1 / 64 samples
Fra:1 Mem:54.77M (Peak 54.77M) | Time:00:00.02 | Rendering 25 / 64 samples
Fra:1 Mem:54.77M (Peak 54.77M) | Time:00:00.02 | Rendering 50 / 64 samples
Fra:1 Mem:54.77M (Peak 54.77M) | Time:00:00.03 | Rendering 64 / 64 samples
Saved: '/home/tednological/Cognitohazard/Cognitohazard_V1/cognitohazard-v-1/assets/tilesets/scientific/emission/wall_09.png'
Time: 00:00.05 (Saving: 00:00.00)

TILESET_RENDERED scientific wall_09
Fra:1 Mem:55.26M (Peak 55.26M) | Time:00:00.01 | Rendering 1 / 64 samples
Fra:1 Mem:55.26M (Peak 55.26M) | Time:00:00.02 | Rendering 25 / 64 samples
Fra:1 Mem:55.26M (Peak 55.26M) | Time:00:00.02 | Rendering 50 / 64 samples
Fra:1 Mem:55.26M (Peak 55.26M) | Time:00:00.03 | Rendering 64 / 64 samples
Saved: '/home/tednological/Cognitohazard/Cognitohazard_V1/cognitohazard-v-1/assets/tilesets/scientific/albedo/wall_10.png'
Time: 00:00.05 (Saving: 00:00.00)

Fra:1 Mem:55.28M (Peak 55.28M) | Time:00:00.01 | Rendering 1 / 64 samples
Fra:1 Mem:55.28M (Peak 55.28M) | Time:00:00.02 | Rendering 25 / 64 samples
Fra:1 Mem:55.28M (Peak 55.28M) | Time:00:00.02 | Rendering 50 / 64 samples
Fra:1 Mem:55.28M (Peak 55.28M) | Time:00:00.03 | Rendering 64 / 64 samples
Saved: '/home/tednological/Cognitohazard/Cognitohazard_V1/cognitohazard-v-1/assets/tilesets/scientific/normal/wall_10.png'
Time: 00:00.05 (Saving: 00:00.00)

Fra:1 Mem:55.24M (Peak 55.24M) | Time:00:00.01 | Rendering 1 / 64 samples
Fra:1 Mem:55.24M (Peak 55.24M) | Time:00:00.02 | Rendering 25 / 64 samples
Fra:1 Mem:55.24M (Peak 55.24M) | Time:00:00.03 | Rendering 50 / 64 samples
Fra:1 Mem:55.24M (Peak 55.24M) | Time:00:00.03 | Rendering 64 / 64 samples
Saved: '/home/tednological/Cognitohazard/Cognitohazard_V1/cognitohazard-v-1/assets/tilesets/scientific/emission/wall_10.png'
Time: 00:00.05 (Saving: 00:00.00)

TILESET_RENDERED scientific wall_10
Fra:1 Mem:56.10M (Peak 56.10M) | Time:00:00.01 | Rendering 1 / 64 samples
Fra:1 Mem:56.10M (Peak 56.10M) | Time:00:00.02 | Rendering 25 / 64 samples
Fra:1 Mem:56.10M (Peak 56.10M) | Time:00:00.02 | Rendering 50 / 64 samples
Fra:1 Mem:56.10M (Peak 56.10M) | Time:00:00.03 | Rendering 64 / 64 samples
Saved: '/home/tednological/Cognitohazard/Cognitohazard_V1/cognitohazard-v-1/assets/tilesets/scientific/albedo/wall_11.png'
Time: 00:00.05 (Saving: 00:00.00)

Fra:1 Mem:56.12M (Peak 56.12M) | Time:00:00.01 | Rendering 1 / 64 samples
Fra:1 Mem:56.12M (Peak 56.12M) | Time:00:00.02 | Rendering 25 / 64 samples
Fra:1 Mem:56.12M (Peak 56.12M) | Time:00:00.02 | Rendering 50 / 64 samples
Fra:1 Mem:56.12M (Peak 56.12M) | Time:00:00.03 | Rendering 64 / 64 samples
Saved: '/home/tednological/Cognitohazard/Cognitohazard_V1/cognitohazard-v-1/assets/tilesets/scientific/normal/wall_11.png'
Time: 00:00.05 (Saving: 00:00.00)

Fra:1 Mem:56.08M (Peak 56.08M) | Time:00:00.01 | Rendering 1 / 64 samples
Fra:1 Mem:56.08M (Peak 56.08M) | Time:00:00.02 | Rendering 25 / 64 samples
Fra:1 Mem:56.08M (Peak 56.08M) | Time:00:00.03 | Rendering 50 / 64 samples
Fra:1 Mem:56.08M (Peak 56.08M) | Time:00:00.03 | Rendering 64 / 64 samples
Saved: '/home/tednological/Cognitohazard/Cognitohazard_V1/cognitohazard-v-1/assets/tilesets/scientific/emission/wall_11.png'
Time: 00:00.05 (Saving: 00:00.00)

TILESET_RENDERED scientific wall_11
Fra:1 Mem:56.33M (Peak 56.33M) | Time:00:00.01 | Rendering 1 / 64 samples
Fra:1 Mem:56.33M (Peak 56.33M) | Time:00:00.02 | Rendering 25 / 64 samples
Fra:1 Mem:56.33M (Peak 56.33M) | Time:00:00.02 | Rendering 50 / 64 samples
Fra:1 Mem:56.33M (Peak 56.33M) | Time:00:00.03 | Rendering 64 / 64 samples
Saved: '/home/tednological/Cognitohazard/Cognitohazard_V1/cognitohazard-v-1/assets/tilesets/scientific/albedo/wall_12.png'
Time: 00:00.05 (Saving: 00:00.00)

Fra:1 Mem:56.36M (Peak 56.36M) | Time:00:00.01 | Rendering 1 / 64 samples
Fra:1 Mem:56.36M (Peak 56.36M) | Time:00:00.02 | Rendering 25 / 64 samples
Fra:1 Mem:56.36M (Peak 56.36M) | Time:00:00.02 | Rendering 50 / 64 samples
Fra:1 Mem:56.36M (Peak 56.36M) | Time:00:00.03 | Rendering 64 / 64 samples
Saved: '/home/tednological/Cognitohazard/Cognitohazard_V1/cognitohazard-v-1/assets/tilesets/scientific/normal/wall_12.png'
Time: 00:00.05 (Saving: 00:00.00)

Fra:1 Mem:56.31M (Peak 56.31M) | Time:00:00.01 | Rendering 1 / 64 samples
Fra:1 Mem:56.31M (Peak 56.31M) | Time:00:00.02 | Rendering 25 / 64 samples
Fra:1 Mem:56.31M (Peak 56.31M) | Time:00:00.02 | Rendering 50 / 64 samples
Fra:1 Mem:56.31M (Peak 56.31M) | Time:00:00.03 | Rendering 64 / 64 samples
Saved: '/home/tednological/Cognitohazard/Cognitohazard_V1/cognitohazard-v-1/assets/tilesets/scientific/emission/wall_12.png'
Time: 00:00.05 (Saving: 00:00.00)

TILESET_RENDERED scientific wall_12
Fra:1 Mem:57.24M (Peak 57.24M) | Time:00:00.01 | Rendering 1 / 64 samples
Fra:1 Mem:57.24M (Peak 57.24M) | Time:00:00.02 | Rendering 25 / 64 samples
Fra:1 Mem:57.24M (Peak 57.24M) | Time:00:00.02 | Rendering 50 / 64 samples
Fra:1 Mem:57.24M (Peak 57.24M) | Time:00:00.03 | Rendering 64 / 64 samples
Saved: '/home/tednological/Cognitohazard/Cognitohazard_V1/cognitohazard-v-1/assets/tilesets/scientific/albedo/wall_13.png'
Time: 00:00.05 (Saving: 00:00.00)

Fra:1 Mem:57.26M (Peak 57.26M) | Time:00:00.01 | Rendering 1 / 64 samples
Fra:1 Mem:57.26M (Peak 57.26M) | Time:00:00.02 | Rendering 25 / 64 samples
Fra:1 Mem:57.26M (Peak 57.26M) | Time:00:00.02 | Rendering 50 / 64 samples
Fra:1 Mem:57.26M (Peak 57.26M) | Time:00:00.03 | Rendering 64 / 64 samples
Saved: '/home/tednological/Cognitohazard/Cognitohazard_V1/cognitohazard-v-1/assets/tilesets/scientific/normal/wall_13.png'
Time: 00:00.05 (Saving: 00:00.00)

Fra:1 Mem:57.22M (Peak 57.22M) | Time:00:00.01 | Rendering 1 / 64 samples
Fra:1 Mem:57.22M (Peak 57.22M) | Time:00:00.02 | Rendering 25 / 64 samples
Fra:1 Mem:57.22M (Peak 57.22M) | Time:00:00.03 | Rendering 50 / 64 samples
Fra:1 Mem:57.22M (Peak 57.22M) | Time:00:00.03 | Rendering 64 / 64 samples
Saved: '/home/tednological/Cognitohazard/Cognitohazard_V1/cognitohazard-v-1/assets/tilesets/scientific/emission/wall_13.png'
Time: 00:00.05 (Saving: 00:00.00)

TILESET_RENDERED scientific wall_13
Fra:1 Mem:57.87M (Peak 57.87M) | Time:00:00.01 | Rendering 1 / 64 samples
Fra:1 Mem:57.87M (Peak 57.87M) | Time:00:00.02 | Rendering 25 / 64 samples
Fra:1 Mem:57.87M (Peak 57.87M) | Time:00:00.02 | Rendering 50 / 64 samples
Fra:1 Mem:57.87M (Peak 57.87M) | Time:00:00.03 | Rendering 64 / 64 samples
Saved: '/home/tednological/Cognitohazard/Cognitohazard_V1/cognitohazard-v-1/assets/tilesets/scientific/albedo/wall_14.png'
Time: 00:00.05 (Saving: 00:00.00)

Fra:1 Mem:57.89M (Peak 57.89M) | Time:00:00.01 | Rendering 1 / 64 samples
Fra:1 Mem:57.89M (Peak 57.89M) | Time:00:00.02 | Rendering 25 / 64 samples
Fra:1 Mem:57.89M (Peak 57.89M) | Time:00:00.02 | Rendering 50 / 64 samples
Fra:1 Mem:57.89M (Peak 57.89M) | Time:00:00.03 | Rendering 64 / 64 samples
Saved: '/home/tednological/Cognitohazard/Cognitohazard_V1/cognitohazard-v-1/assets/tilesets/scientific/normal/wall_14.png'
Time: 00:00.05 (Saving: 00:00.00)

Fra:1 Mem:57.85M (Peak 57.85M) | Time:00:00.01 | Rendering 1 / 64 samples
Fra:1 Mem:57.85M (Peak 57.85M) | Time:00:00.02 | Rendering 25 / 64 samples
Fra:1 Mem:57.85M (Peak 57.85M) | Time:00:00.03 | Rendering 50 / 64 samples
Fra:1 Mem:57.85M (Peak 57.85M) | Time:00:00.03 | Rendering 64 / 64 samples
Saved: '/home/tednological/Cognitohazard/Cognitohazard_V1/cognitohazard-v-1/assets/tilesets/scientific/emission/wall_14.png'
Time: 00:00.05 (Saving: 00:00.00)

TILESET_RENDERED scientific wall_14
Fra:1 Mem:58.86M (Peak 58.86M) | Time:00:00.01 | Rendering 1 / 64 samples
Fra:1 Mem:58.86M (Peak 58.86M) | Time:00:00.02 | Rendering 25 / 64 samples
Fra:1 Mem:58.86M (Peak 58.86M) | Time:00:00.03 | Rendering 50 / 64 samples
Fra:1 Mem:58.86M (Peak 58.86M) | Time:00:00.03 | Rendering 64 / 64 samples
Saved: '/home/tednological/Cognitohazard/Cognitohazard_V1/cognitohazard-v-1/assets/tilesets/scientific/albedo/wall_15.png'
Time: 00:00.06 (Saving: 00:00.00)

Fra:1 Mem:58.88M (Peak 58.88M) | Time:00:00.01 | Rendering 1 / 64 samples
Fra:1 Mem:58.88M (Peak 58.88M) | Time:00:00.02 | Rendering 25 / 64 samples
Fra:1 Mem:58.88M (Peak 58.88M) | Time:00:00.03 | Rendering 50 / 64 samples
Fra:1 Mem:58.88M (Peak 58.88M) | Time:00:00.03 | Rendering 64 / 64 samples
Saved: '/home/tednological/Cognitohazard/Cognitohazard_V1/cognitohazard-v-1/assets/tilesets/scientific/normal/wall_15.png'
Time: 00:00.05 (Saving: 00:00.00)

Fra:1 Mem:58.83M (Peak 58.83M) | Time:00:00.01 | Rendering 1 / 64 samples
Fra:1 Mem:58.83M (Peak 58.83M) | Time:00:00.02 | Rendering 25 / 64 samples
Fra:1 Mem:58.83M (Peak 58.83M) | Time:00:00.03 | Rendering 50 / 64 samples
Fra:1 Mem:58.83M (Peak 58.83M) | Time:00:00.03 | Rendering 64 / 64 samples
Saved: '/home/tednological/Cognitohazard/Cognitohazard_V1/cognitohazard-v-1/assets/tilesets/scientific/emission/wall_15.png'
Time: 00:00.05 (Saving: 00:00.00)

TILESET_RENDERED scientific wall_15
Fra:1 Mem:58.84M (Peak 58.84M) | Time:00:00.01 | Rendering 1 / 64 samples
Fra:1 Mem:58.84M (Peak 58.84M) | Time:00:00.02 | Rendering 25 / 64 samples
Fra:1 Mem:58.84M (Peak 58.84M) | Time:00:00.03 | Rendering 50 / 64 samples
Fra:1 Mem:58.84M (Peak 58.84M) | Time:00:00.03 | Rendering 64 / 64 samples
Saved: '/home/tednological/Cognitohazard/Cognitohazard_V1/cognitohazard-v-1/assets/tilesets/scientific/albedo/pipe_straight.png'
Time: 00:00.05 (Saving: 00:00.00)

Fra:1 Mem:58.81M (Peak 58.81M) | Time:00:00.01 | Rendering 1 / 64 samples
Fra:1 Mem:58.81M (Peak 58.81M) | Time:00:00.02 | Rendering 25 / 64 samples
Fra:1 Mem:58.81M (Peak 58.81M) | Time:00:00.02 | Rendering 50 / 64 samples
Fra:1 Mem:58.81M (Peak 58.81M) | Time:00:00.03 | Rendering 64 / 64 samples
Saved: '/home/tednological/Cognitohazard/Cognitohazard_V1/cognitohazard-v-1/assets/tilesets/scientific/normal/pipe_straight.png'
Time: 00:00.05 (Saving: 00:00.00)

Fra:1 Mem:58.76M (Peak 58.76M) | Time:00:00.01 | Rendering 1 / 64 samples
Fra:1 Mem:58.76M (Peak 58.76M) | Time:00:00.02 | Rendering 25 / 64 samples
Fra:1 Mem:58.76M (Peak 58.76M) | Time:00:00.03 | Rendering 50 / 64 samples
Fra:1 Mem:58.76M (Peak 58.76M) | Time:00:00.03 | Rendering 64 / 64 samples
Saved: '/home/tednological/Cognitohazard/Cognitohazard_V1/cognitohazard-v-1/assets/tilesets/scientific/emission/pipe_straight.png'
Time: 00:00.05 (Saving: 00:00.00)

TILESET_RENDERED scientific pipe_straight
Fra:1 Mem:59.35M (Peak 59.35M) | Time:00:00.01 | Rendering 1 / 64 samples
Fra:1 Mem:59.35M (Peak 59.35M) | Time:00:00.02 | Rendering 25 / 64 samples
Fra:1 Mem:59.35M (Peak 59.35M) | Time:00:00.02 | Rendering 50 / 64 samples
Fra:1 Mem:59.35M (Peak 59.35M) | Time:00:00.03 | Rendering 64 / 64 samples
Saved: '/home/tednological/Cognitohazard/Cognitohazard_V1/cognitohazard-v-1/assets/tilesets/scientific/albedo/pipe_elbow.png'
Time: 00:00.06 (Saving: 00:00.00)

Fra:1 Mem:59.35M (Peak 59.35M) | Time:00:00.01 | Rendering 1 / 64 samples
Fra:1 Mem:59.35M (Peak 59.35M) | Time:00:00.02 | Rendering 25 / 64 samples
Fra:1 Mem:59.35M (Peak 59.35M) | Time:00:00.02 | Rendering 50 / 64 samples
Fra:1 Mem:59.35M (Peak 59.35M) | Time:00:00.03 | Rendering 64 / 64 samples
Saved: '/home/tednological/Cognitohazard/Cognitohazard_V1/cognitohazard-v-1/assets/tilesets/scientific/normal/pipe_elbow.png'
Time: 00:00.05 (Saving: 00:00.00)

Fra:1 Mem:59.30M (Peak 59.30M) | Time:00:00.01 | Rendering 1 / 64 samples
Fra:1 Mem:59.30M (Peak 59.30M) | Time:00:00.02 | Rendering 25 / 64 samples
Fra:1 Mem:59.30M (Peak 59.30M) | Time:00:00.03 | Rendering 50 / 64 samples
Fra:1 Mem:59.30M (Peak 59.30M) | Time:00:00.03 | Rendering 64 / 64 samples
Saved: '/home/tednological/Cognitohazard/Cognitohazard_V1/cognitohazard-v-1/assets/tilesets/scientific/emission/pipe_elbow.png'
Time: 00:00.05 (Saving: 00:00.00)

TILESET_RENDERED scientific pipe_elbow
Fra:1 Mem:60.18M (Peak 60.18M) | Time:00:00.01 | Rendering 1 / 64 samples
Fra:1 Mem:60.18M (Peak 60.18M) | Time:00:00.02 | Rendering 25 / 64 samples
Fra:1 Mem:60.18M (Peak 60.18M) | Time:00:00.03 | Rendering 50 / 64 samples
Fra:1 Mem:60.18M (Peak 60.18M) | Time:00:00.03 | Rendering 64 / 64 samples
Saved: '/home/tednological/Cognitohazard/Cognitohazard_V1/cognitohazard-v-1/assets/tilesets/scientific/albedo/pipe_tee.png'
Time: 00:00.06 (Saving: 00:00.00)

Fra:1 Mem:60.18M (Peak 60.18M) | Time:00:00.01 | Rendering 1 / 64 samples
Fra:1 Mem:60.18M (Peak 60.18M) | Time:00:00.02 | Rendering 25 / 64 samples
Fra:1 Mem:60.18M (Peak 60.18M) | Time:00:00.03 | Rendering 50 / 64 samples
Fra:1 Mem:60.18M (Peak 60.18M) | Time:00:00.03 | Rendering 64 / 64 samples
Saved: '/home/tednological/Cognitohazard/Cognitohazard_V1/cognitohazard-v-1/assets/tilesets/scientific/normal/pipe_tee.png'
Time: 00:00.06 (Saving: 00:00.00)

Fra:1 Mem:60.13M (Peak 60.13M) | Time:00:00.01 | Rendering 1 / 64 samples
Fra:1 Mem:60.13M (Peak 60.13M) | Time:00:00.02 | Rendering 25 / 64 samples
Fra:1 Mem:60.13M (Peak 60.13M) | Time:00:00.03 | Rendering 50 / 64 samples
Fra:1 Mem:60.13M (Peak 60.13M) | Time:00:00.03 | Rendering 64 / 64 samples
Saved: '/home/tednological/Cognitohazard/Cognitohazard_V1/cognitohazard-v-1/assets/tilesets/scientific/emission/pipe_tee.png'
Time: 00:00.05 (Saving: 00:00.00)

TILESET_RENDERED scientific pipe_tee
Fra:1 Mem:61.16M (Peak 61.16M) | Time:00:00.01 | Rendering 1 / 64 samples
Fra:1 Mem:61.16M (Peak 61.16M) | Time:00:00.02 | Rendering 25 / 64 samples
Fra:1 Mem:61.16M (Peak 61.16M) | Time:00:00.03 | Rendering 50 / 64 samples
Fra:1 Mem:61.16M (Peak 61.16M) | Time:00:00.03 | Rendering 64 / 64 samples
Saved: '/home/tednological/Cognitohazard/Cognitohazard_V1/cognitohazard-v-1/assets/tilesets/scientific/albedo/pipe_cross.png'
Time: 00:00.06 (Saving: 00:00.00)

Fra:1 Mem:61.16M (Peak 61.16M) | Time:00:00.01 | Rendering 1 / 64 samples
Fra:1 Mem:61.16M (Peak 61.16M) | Time:00:00.02 | Rendering 25 / 64 samples
Fra:1 Mem:61.16M (Peak 61.16M) | Time:00:00.03 | Rendering 50 / 64 samples
Fra:1 Mem:61.16M (Peak 61.16M) | Time:00:00.03 | Rendering 64 / 64 samples
Saved: '/home/tednological/Cognitohazard/Cognitohazard_V1/cognitohazard-v-1/assets/tilesets/scientific/normal/pipe_cross.png'
Time: 00:00.05 (Saving: 00:00.00)

Fra:1 Mem:61.12M (Peak 61.12M) | Time:00:00.01 | Rendering 1 / 64 samples
Fra:1 Mem:61.12M (Peak 61.12M) | Time:00:00.02 | Rendering 25 / 64 samples
Fra:1 Mem:61.12M (Peak 61.12M) | Time:00:00.03 | Rendering 50 / 64 samples
Fra:1 Mem:61.12M (Peak 61.12M) | Time:00:00.03 | Rendering 64 / 64 samples
Saved: '/home/tednological/Cognitohazard/Cognitohazard_V1/cognitohazard-v-1/assets/tilesets/scientific/emission/pipe_cross.png'
Time: 00:00.06 (Saving: 00:00.00)

TILESET_RENDERED scientific pipe_cross
Fra:1 Mem:62.24M (Peak 62.24M) | Time:00:00.01 | Rendering 1 / 64 samples
Fra:1 Mem:62.24M (Peak 62.24M) | Time:00:00.02 | Rendering 25 / 64 samples
Fra:1 Mem:62.24M (Peak 62.24M) | Time:00:00.03 | Rendering 50 / 64 samples
Fra:1 Mem:62.24M (Peak 62.24M) | Time:00:00.03 | Rendering 64 / 64 samples
Saved: '/home/tednological/Cognitohazard/Cognitohazard_V1/cognitohazard-v-1/assets/tilesets/scientific/albedo/pipe_valve.png'
Time: 00:00.06 (Saving: 00:00.00)

Fra:1 Mem:62.23M (Peak 62.23M) | Time:00:00.01 | Rendering 1 / 64 samples
Fra:1 Mem:62.23M (Peak 62.23M) | Time:00:00.02 | Rendering 25 / 64 samples
Fra:1 Mem:62.23M (Peak 62.23M) | Time:00:00.03 | Rendering 50 / 64 samples
Fra:1 Mem:62.23M (Peak 62.23M) | Time:00:00.03 | Rendering 64 / 64 samples
Saved: '/home/tednological/Cognitohazard/Cognitohazard_V1/cognitohazard-v-1/assets/tilesets/scientific/normal/pipe_valve.png'
Time: 00:00.05 (Saving: 00:00.00)

Fra:1 Mem:62.19M (Peak 62.19M) | Time:00:00.01 | Rendering 1 / 64 samples
Fra:1 Mem:62.19M (Peak 62.19M) | Time:00:00.02 | Rendering 25 / 64 samples
Fra:1 Mem:62.19M (Peak 62.19M) | Time:00:00.03 | Rendering 50 / 64 samples
Fra:1 Mem:62.19M (Peak 62.19M) | Time:00:00.03 | Rendering 64 / 64 samples
Saved: '/home/tednological/Cognitohazard/Cognitohazard_V1/cognitohazard-v-1/assets/tilesets/scientific/emission/pipe_valve.png'
Time: 00:00.05 (Saving: 00:00.00)

TILESET_RENDERED scientific pipe_valve
Fra:1 Mem:62.67M (Peak 62.67M) | Time:00:00.01 | Rendering 1 / 64 samples
Fra:1 Mem:62.67M (Peak 62.67M) | Time:00:00.02 | Rendering 25 / 64 samples
Fra:1 Mem:62.67M (Peak 62.67M) | Time:00:00.03 | Rendering 50 / 64 samples
Fra:1 Mem:62.67M (Peak 62.67M) | Time:00:00.03 | Rendering 64 / 64 samples
Saved: '/home/tednological/Cognitohazard/Cognitohazard_V1/cognitohazard-v-1/assets/tilesets/scientific/albedo/door_closed.png'
Time: 00:00.06 (Saving: 00:00.00)

Fra:1 Mem:62.60M (Peak 62.60M) | Time:00:00.01 | Rendering 1 / 64 samples
Fra:1 Mem:62.60M (Peak 62.60M) | Time:00:00.02 | Rendering 25 / 64 samples
Fra:1 Mem:62.60M (Peak 62.60M) | Time:00:00.03 | Rendering 50 / 64 samples
Fra:1 Mem:62.60M (Peak 62.60M) | Time:00:00.03 | Rendering 64 / 64 samples
Saved: '/home/tednological/Cognitohazard/Cognitohazard_V1/cognitohazard-v-1/assets/tilesets/scientific/normal/door_closed.png'
Time: 00:00.05 (Saving: 00:00.00)

Fra:1 Mem:62.60M (Peak 62.60M) | Time:00:00.01 | Rendering 1 / 64 samples
Fra:1 Mem:62.60M (Peak 62.60M) | Time:00:00.02 | Rendering 25 / 64 samples
Fra:1 Mem:62.60M (Peak 62.60M) | Time:00:00.03 | Rendering 50 / 64 samples
Fra:1 Mem:62.60M (Peak 62.60M) | Time:00:00.03 | Rendering 64 / 64 samples
Saved: '/home/tednological/Cognitohazard/Cognitohazard_V1/cognitohazard-v-1/assets/tilesets/scientific/emission/door_closed.png'
Time: 00:00.05 (Saving: 00:00.00)

TILESET_RENDERED scientific door_closed
Fra:1 Mem:62.88M (Peak 62.88M) | Time:00:00.01 | Rendering 1 / 64 samples
Fra:1 Mem:62.88M (Peak 62.88M) | Time:00:00.02 | Rendering 25 / 64 samples
Fra:1 Mem:62.88M (Peak 62.88M) | Time:00:00.02 | Rendering 50 / 64 samples
Fra:1 Mem:62.88M (Peak 62.88M) | Time:00:00.03 | Rendering 64 / 64 samples
Saved: '/home/tednological/Cognitohazard/Cognitohazard_V1/cognitohazard-v-1/assets/tilesets/scientific/albedo/door_open.png'
Time: 00:00.05 (Saving: 00:00.00)

Fra:1 Mem:62.81M (Peak 62.81M) | Time:00:00.01 | Rendering 1 / 64 samples
Fra:1 Mem:62.81M (Peak 62.81M) | Time:00:00.02 | Rendering 25 / 64 samples
Fra:1 Mem:62.81M (Peak 62.81M) | Time:00:00.02 | Rendering 50 / 64 samples
Fra:1 Mem:62.81M (Peak 62.81M) | Time:00:00.03 | Rendering 64 / 64 samples
Saved: '/home/tednological/Cognitohazard/Cognitohazard_V1/cognitohazard-v-1/assets/tilesets/scientific/normal/door_open.png'
Time: 00:00.05 (Saving: 00:00.00)

Fra:1 Mem:62.81M (Peak 62.81M) | Time:00:00.01 | Rendering 1 / 64 samples
Fra:1 Mem:62.81M (Peak 62.81M) | Time:00:00.02 | Rendering 25 / 64 samples
Fra:1 Mem:62.81M (Peak 62.81M) | Time:00:00.03 | Rendering 50 / 64 samples
Fra:1 Mem:62.81M (Peak 62.81M) | Time:00:00.03 | Rendering 64 / 64 samples
Saved: '/home/tednological/Cognitohazard/Cognitohazard_V1/cognitohazard-v-1/assets/tilesets/scientific/emission/door_open.png'
Time: 00:00.05 (Saving: 00:00.00)

TILESET_RENDERED scientific door_open
Fra:1 Mem:64.12M (Peak 64.12M) | Time:00:00.01 | Rendering 1 / 64 samples
Fra:1 Mem:64.12M (Peak 64.12M) | Time:00:00.02 | Rendering 25 / 64 samples
Fra:1 Mem:64.12M (Peak 64.12M) | Time:00:00.03 | Rendering 50 / 64 samples
Fra:1 Mem:64.12M (Peak 64.12M) | Time:00:00.03 | Rendering 64 / 64 samples
Saved: '/home/tednological/Cognitohazard/Cognitohazard_V1/cognitohazard-v-1/assets/tilesets/scientific/albedo/door_sealed.png'
Time: 00:00.06 (Saving: 00:00.00)

Fra:1 Mem:64.03M (Peak 64.03M) | Time:00:00.01 | Rendering 1 / 64 samples
Fra:1 Mem:64.03M (Peak 64.03M) | Time:00:00.02 | Rendering 25 / 64 samples
Fra:1 Mem:64.03M (Peak 64.03M) | Time:00:00.03 | Rendering 50 / 64 samples
Fra:1 Mem:64.03M (Peak 64.03M) | Time:00:00.03 | Rendering 64 / 64 samples
Saved: '/home/tednological/Cognitohazard/Cognitohazard_V1/cognitohazard-v-1/assets/tilesets/scientific/normal/door_sealed.png'
Time: 00:00.05 (Saving: 00:00.00)

Fra:1 Mem:64.03M (Peak 64.03M) | Time:00:00.01 | Rendering 1 / 64 samples
Fra:1 Mem:64.03M (Peak 64.03M) | Time:00:00.02 | Rendering 25 / 64 samples
Fra:1 Mem:64.03M (Peak 64.03M) | Time:00:00.03 | Rendering 50 / 64 samples
Fra:1 Mem:64.03M (Peak 64.03M) | Time:00:00.03 | Rendering 64 / 64 samples
Saved: '/home/tednological/Cognitohazard/Cognitohazard_V1/cognitohazard-v-1/assets/tilesets/scientific/emission/door_sealed.png'
Time: 00:00.05 (Saving: 00:00.00)

TILESET_RENDERED scientific door_sealed
Fra:1 Mem:64.86M (Peak 64.86M) | Time:00:00.01 | Rendering 1 / 64 samples
Fra:1 Mem:64.86M (Peak 64.86M) | Time:00:00.02 | Rendering 25 / 64 samples
Fra:1 Mem:64.86M (Peak 64.86M) | Time:00:00.03 | Rendering 50 / 64 samples
Fra:1 Mem:64.86M (Peak 64.86M) | Time:00:00.03 | Rendering 64 / 64 samples
Saved: '/home/tednological/Cognitohazard/Cognitohazard_V1/cognitohazard-v-1/assets/tilesets/scientific/albedo/light_strip.png'
Time: 00:00.06 (Saving: 00:00.00)

Fra:1 Mem:64.79M (Peak 64.79M) | Time:00:00.01 | Rendering 1 / 64 samples
Fra:1 Mem:64.79M (Peak 64.79M) | Time:00:00.02 | Rendering 25 / 64 samples
Fra:1 Mem:64.79M (Peak 64.79M) | Time:00:00.03 | Rendering 50 / 64 samples
Fra:1 Mem:64.79M (Peak 64.79M) | Time:00:00.03 | Rendering 64 / 64 samples
Saved: '/home/tednological/Cognitohazard/Cognitohazard_V1/cognitohazard-v-1/assets/tilesets/scientific/normal/light_strip.png'
Time: 00:00.06 (Saving: 00:00.00)

Fra:1 Mem:64.79M (Peak 64.79M) | Time:00:00.01 | Rendering 1 / 64 samples
Fra:1 Mem:64.79M (Peak 64.79M) | Time:00:00.02 | Rendering 25 / 64 samples
Fra:1 Mem:64.79M (Peak 64.79M) | Time:00:00.03 | Rendering 50 / 64 samples
Fra:1 Mem:64.79M (Peak 64.79M) | Time:00:00.03 | Rendering 64 / 64 samples
Saved: '/home/tednological/Cognitohazard/Cognitohazard_V1/cognitohazard-v-1/assets/tilesets/scientific/emission/light_strip.png'
Time: 00:00.05 (Saving: 00:00.00)

TILESET_RENDERED scientific light_strip
Fra:1 Mem:65.58M (Peak 65.58M) | Time:00:00.01 | Rendering 1 / 64 samples
Fra:1 Mem:65.58M (Peak 65.58M) | Time:00:00.02 | Rendering 25 / 64 samples
Fra:1 Mem:65.58M (Peak 65.58M) | Time:00:00.03 | Rendering 50 / 64 samples
Fra:1 Mem:65.58M (Peak 65.58M) | Time:00:00.03 | Rendering 64 / 64 samples
Saved: '/home/tednological/Cognitohazard/Cognitohazard_V1/cognitohazard-v-1/assets/tilesets/scientific/albedo/light_off.png'
Time: 00:00.06 (Saving: 00:00.00)

Fra:1 Mem:65.54M (Peak 65.54M) | Time:00:00.01 | Rendering 1 / 64 samples
Fra:1 Mem:65.54M (Peak 65.54M) | Time:00:00.02 | Rendering 25 / 64 samples
Fra:1 Mem:65.54M (Peak 65.54M) | Time:00:00.03 | Rendering 50 / 64 samples
Fra:1 Mem:65.54M (Peak 65.54M) | Time:00:00.03 | Rendering 64 / 64 samples
Saved: '/home/tednological/Cognitohazard/Cognitohazard_V1/cognitohazard-v-1/assets/tilesets/scientific/normal/light_off.png'
Time: 00:00.05 (Saving: 00:00.00)

Fra:1 Mem:65.49M (Peak 65.49M) | Time:00:00.01 | Rendering 1 / 64 samples
Fra:1 Mem:65.49M (Peak 65.49M) | Time:00:00.02 | Rendering 25 / 64 samples
Fra:1 Mem:65.49M (Peak 65.49M) | Time:00:00.03 | Rendering 50 / 64 samples
Fra:1 Mem:65.49M (Peak 65.49M) | Time:00:00.03 | Rendering 64 / 64 samples
Saved: '/home/tednological/Cognitohazard/Cognitohazard_V1/cognitohazard-v-1/assets/tilesets/scientific/emission/light_off.png'
Time: 00:00.05 (Saving: 00:00.00)

TILESET_RENDERED scientific light_off
Fra:1 Mem:66.54M (Peak 66.54M) | Time:00:00.01 | Rendering 1 / 64 samples
Fra:1 Mem:66.54M (Peak 66.54M) | Time:00:00.02 | Rendering 25 / 64 samples
Fra:1 Mem:66.54M (Peak 66.54M) | Time:00:00.03 | Rendering 50 / 64 samples
Fra:1 Mem:66.54M (Peak 66.54M) | Time:00:00.03 | Rendering 64 / 64 samples
Saved: '/home/tednological/Cognitohazard/Cognitohazard_V1/cognitohazard-v-1/assets/tilesets/scientific/albedo/light_broken.png'
Time: 00:00.06 (Saving: 00:00.00)

Fra:1 Mem:66.50M (Peak 66.50M) | Time:00:00.01 | Rendering 1 / 64 samples
Fra:1 Mem:66.50M (Peak 66.50M) | Time:00:00.02 | Rendering 25 / 64 samples
Fra:1 Mem:66.50M (Peak 66.50M) | Time:00:00.03 | Rendering 50 / 64 samples
Fra:1 Mem:66.50M (Peak 66.50M) | Time:00:00.03 | Rendering 64 / 64 samples
Saved: '/home/tednological/Cognitohazard/Cognitohazard_V1/cognitohazard-v-1/assets/tilesets/scientific/normal/light_broken.png'
Time: 00:00.06 (Saving: 00:00.00)

Fra:1 Mem:66.45M (Peak 66.45M) | Time:00:00.01 | Rendering 1 / 64 samples
Fra:1 Mem:66.45M (Peak 66.45M) | Time:00:00.02 | Rendering 25 / 64 samples
Fra:1 Mem:66.45M (Peak 66.45M) | Time:00:00.03 | Rendering 50 / 64 samples
Fra:1 Mem:66.45M (Peak 66.45M) | Time:00:00.03 | Rendering 64 / 64 samples
Saved: '/home/tednological/Cognitohazard/Cognitohazard_V1/cognitohazard-v-1/assets/tilesets/scientific/emission/light_broken.png'
Time: 00:00.05 (Saving: 00:00.00)

TILESET_RENDERED scientific light_broken
Fra:1 Mem:66.37M (Peak 66.37M) | Time:00:00.01 | Rendering 1 / 64 samples
Fra:1 Mem:66.37M (Peak 66.37M) | Time:00:00.02 | Rendering 25 / 64 samples
Fra:1 Mem:66.37M (Peak 66.37M) | Time:00:00.02 | Rendering 50 / 64 samples
Fra:1 Mem:66.37M (Peak 66.37M) | Time:00:00.03 | Rendering 64 / 64 samples
Saved: '/home/tednological/Cognitohazard/Cognitohazard_V1/cognitohazard-v-1/assets/tilesets/scientific/albedo/light_beacon.png'
Time: 00:00.05 (Saving: 00:00.00)

Fra:1 Mem:66.30M (Peak 66.30M) | Time:00:00.01 | Rendering 1 / 64 samples
Fra:1 Mem:66.30M (Peak 66.30M) | Time:00:00.02 | Rendering 25 / 64 samples
Fra:1 Mem:66.30M (Peak 66.30M) | Time:00:00.02 | Rendering 50 / 64 samples
Fra:1 Mem:66.30M (Peak 66.30M) | Time:00:00.03 | Rendering 64 / 64 samples
Saved: '/home/tednological/Cognitohazard/Cognitohazard_V1/cognitohazard-v-1/assets/tilesets/scientific/normal/light_beacon.png'
Time: 00:00.05 (Saving: 00:00.00)

Fra:1 Mem:66.30M (Peak 66.30M) | Time:00:00.01 | Rendering 1 / 64 samples
Fra:1 Mem:66.30M (Peak 66.30M) | Time:00:00.02 | Rendering 25 / 64 samples
Fra:1 Mem:66.30M (Peak 66.30M) | Time:00:00.03 | Rendering 50 / 64 samples
Fra:1 Mem:66.30M (Peak 66.30M) | Time:00:00.03 | Rendering 64 / 64 samples
Saved: '/home/tednological/Cognitohazard/Cognitohazard_V1/cognitohazard-v-1/assets/tilesets/scientific/emission/light_beacon.png'
Time: 00:00.05 (Saving: 00:00.00)

TILESET_RENDERED scientific light_beacon
Fra:1 Mem:67.84M (Peak 67.87M) | Time:00:00.01 | Rendering 1 / 64 samples
Fra:1 Mem:67.84M (Peak 67.87M) | Time:00:00.02 | Rendering 25 / 64 samples
Fra:1 Mem:67.84M (Peak 67.87M) | Time:00:00.03 | Rendering 50 / 64 samples
Fra:1 Mem:67.84M (Peak 67.87M) | Time:00:00.03 | Rendering 64 / 64 samples
Saved: '/home/tednological/Cognitohazard/Cognitohazard_V1/cognitohazard-v-1/assets/tilesets/scientific/albedo/light_flood.png'
Time: 00:00.05 (Saving: 00:00.00)

Fra:1 Mem:67.60M (Peak 67.60M) | Time:00:00.01 | Rendering 1 / 64 samples
Fra:1 Mem:67.60M (Peak 67.60M) | Time:00:00.02 | Rendering 25 / 64 samples
Fra:1 Mem:67.60M (Peak 67.60M) | Time:00:00.02 | Rendering 50 / 64 samples
Fra:1 Mem:67.60M (Peak 67.60M) | Time:00:00.03 | Rendering 64 / 64 samples
Saved: '/home/tednological/Cognitohazard/Cognitohazard_V1/cognitohazard-v-1/assets/tilesets/scientific/normal/light_flood.png'
Time: 00:00.05 (Saving: 00:00.00)

Fra:1 Mem:67.74M (Peak 67.74M) | Time:00:00.01 | Rendering 1 / 64 samples
Fra:1 Mem:67.74M (Peak 67.74M) | Time:00:00.02 | Rendering 25 / 64 samples
Fra:1 Mem:67.74M (Peak 67.74M) | Time:00:00.03 | Rendering 50 / 64 samples
Fra:1 Mem:67.74M (Peak 67.74M) | Time:00:00.03 | Rendering 64 / 64 samples
Saved: '/home/tednological/Cognitohazard/Cognitohazard_V1/cognitohazard-v-1/assets/tilesets/scientific/emission/light_flood.png'
Time: 00:00.05 (Saving: 00:00.00)

TILESET_RENDERED scientific light_flood
Fra:1 Mem:67.14M (Peak 67.14M) | Time:00:00.01 | Rendering 1 / 64 samples
Fra:1 Mem:67.14M (Peak 67.14M) | Time:00:00.01 | Rendering 25 / 64 samples
Fra:1 Mem:67.14M (Peak 67.14M) | Time:00:00.02 | Rendering 50 / 64 samples
Fra:1 Mem:67.14M (Peak 67.14M) | Time:00:00.03 | Rendering 64 / 64 samples
Saved: '/home/tednological/Cognitohazard/Cognitohazard_V1/cognitohazard-v-1/assets/tilesets/scientific/albedo/marking_lane.png'
Time: 00:00.05 (Saving: 00:00.00)

Fra:1 Mem:67.20M (Peak 67.20M) | Time:00:00.01 | Rendering 1 / 64 samples
Fra:1 Mem:67.20M (Peak 67.20M) | Time:00:00.01 | Rendering 25 / 64 samples
Fra:1 Mem:67.20M (Peak 67.20M) | Time:00:00.02 | Rendering 50 / 64 samples
Fra:1 Mem:67.20M (Peak 67.20M) | Time:00:00.03 | Rendering 64 / 64 samples
Saved: '/home/tednological/Cognitohazard/Cognitohazard_V1/cognitohazard-v-1/assets/tilesets/scientific/normal/marking_lane.png'
Time: 00:00.05 (Saving: 00:00.00)

Fra:1 Mem:67.16M (Peak 67.16M) | Time:00:00.01 | Rendering 1 / 64 samples
Fra:1 Mem:67.16M (Peak 67.16M) | Time:00:00.02 | Rendering 25 / 64 samples
Fra:1 Mem:67.16M (Peak 67.16M) | Time:00:00.02 | Rendering 50 / 64 samples
Fra:1 Mem:67.16M (Peak 67.16M) | Time:00:00.03 | Rendering 64 / 64 samples
Saved: '/home/tednological/Cognitohazard/Cognitohazard_V1/cognitohazard-v-1/assets/tilesets/scientific/emission/marking_lane.png'
Time: 00:00.05 (Saving: 00:00.00)

TILESET_RENDERED scientific marking_lane
Fra:1 Mem:67.19M (Peak 67.19M) | Time:00:00.01 | Rendering 1 / 64 samples
Fra:1 Mem:67.19M (Peak 67.19M) | Time:00:00.01 | Rendering 25 / 64 samples
Fra:1 Mem:67.19M (Peak 67.19M) | Time:00:00.02 | Rendering 50 / 64 samples
Fra:1 Mem:67.19M (Peak 67.19M) | Time:00:00.03 | Rendering 64 / 64 samples
Saved: '/home/tednological/Cognitohazard/Cognitohazard_V1/cognitohazard-v-1/assets/tilesets/scientific/albedo/marking_corner.png'
Time: 00:00.05 (Saving: 00:00.00)

Fra:1 Mem:67.24M (Peak 67.24M) | Time:00:00.01 | Rendering 1 / 64 samples
Fra:1 Mem:67.24M (Peak 67.24M) | Time:00:00.01 | Rendering 25 / 64 samples
Fra:1 Mem:67.24M (Peak 67.24M) | Time:00:00.02 | Rendering 50 / 64 samples
Fra:1 Mem:67.24M (Peak 67.24M) | Time:00:00.03 | Rendering 64 / 64 samples
Saved: '/home/tednological/Cognitohazard/Cognitohazard_V1/cognitohazard-v-1/assets/tilesets/scientific/normal/marking_corner.png'
Time: 00:00.05 (Saving: 00:00.00)

Fra:1 Mem:67.20M (Peak 67.20M) | Time:00:00.01 | Rendering 1 / 64 samples
Fra:1 Mem:67.20M (Peak 67.20M) | Time:00:00.02 | Rendering 25 / 64 samples
Fra:1 Mem:67.20M (Peak 67.20M) | Time:00:00.02 | Rendering 50 / 64 samples
Fra:1 Mem:67.20M (Peak 67.20M) | Time:00:00.03 | Rendering 64 / 64 samples
Saved: '/home/tednological/Cognitohazard/Cognitohazard_V1/cognitohazard-v-1/assets/tilesets/scientific/emission/marking_corner.png'
Time: 00:00.05 (Saving: 00:00.00)

TILESET_RENDERED scientific marking_corner
Fra:1 Mem:67.75M (Peak 67.75M) | Time:00:00.01 | Rendering 1 / 64 samples
Fra:1 Mem:67.75M (Peak 67.75M) | Time:00:00.01 | Rendering 25 / 64 samples
Fra:1 Mem:67.75M (Peak 67.75M) | Time:00:00.02 | Rendering 50 / 64 samples
Fra:1 Mem:67.75M (Peak 67.75M) | Time:00:00.03 | Rendering 64 / 64 samples
Saved: '/home/tednological/Cognitohazard/Cognitohazard_V1/cognitohazard-v-1/assets/tilesets/scientific/albedo/marking_chevron.png'
Time: 00:00.05 (Saving: 00:00.00)

Fra:1 Mem:67.80M (Peak 67.80M) | Time:00:00.01 | Rendering 1 / 64 samples
Fra:1 Mem:67.80M (Peak 67.80M) | Time:00:00.01 | Rendering 25 / 64 samples
Fra:1 Mem:67.80M (Peak 67.80M) | Time:00:00.02 | Rendering 50 / 64 samples
Fra:1 Mem:67.80M (Peak 67.80M) | Time:00:00.03 | Rendering 64 / 64 samples
Saved: '/home/tednological/Cognitohazard/Cognitohazard_V1/cognitohazard-v-1/assets/tilesets/scientific/normal/marking_chevron.png'
Time: 00:00.05 (Saving: 00:00.00)

Fra:1 Mem:67.76M (Peak 67.76M) | Time:00:00.01 | Rendering 1 / 64 samples
Fra:1 Mem:67.76M (Peak 67.76M) | Time:00:00.01 | Rendering 25 / 64 samples
Fra:1 Mem:67.76M (Peak 67.76M) | Time:00:00.02 | Rendering 50 / 64 samples
Fra:1 Mem:67.76M (Peak 67.76M) | Time:00:00.03 | Rendering 64 / 64 samples
Saved: '/home/tednological/Cognitohazard/Cognitohazard_V1/cognitohazard-v-1/assets/tilesets/scientific/emission/marking_chevron.png'
Time: 00:00.05 (Saving: 00:00.00)

TILESET_RENDERED scientific marking_chevron
Fra:1 Mem:68.14M (Peak 68.14M) | Time:00:00.01 | Rendering 1 / 64 samples
Fra:1 Mem:68.14M (Peak 68.14M) | Time:00:00.01 | Rendering 25 / 64 samples
Fra:1 Mem:68.14M (Peak 68.14M) | Time:00:00.02 | Rendering 50 / 64 samples
Fra:1 Mem:68.14M (Peak 68.14M) | Time:00:00.03 | Rendering 64 / 64 samples
Saved: '/home/tednological/Cognitohazard/Cognitohazard_V1/cognitohazard-v-1/assets/tilesets/scientific/albedo/marking_boundary.png'
Time: 00:00.05 (Saving: 00:00.00)

Fra:1 Mem:68.19M (Peak 68.19M) | Time:00:00.01 | Rendering 1 / 64 samples
Fra:1 Mem:68.19M (Peak 68.19M) | Time:00:00.01 | Rendering 25 / 64 samples
Fra:1 Mem:68.19M (Peak 68.19M) | Time:00:00.02 | Rendering 50 / 64 samples
Fra:1 Mem:68.19M (Peak 68.19M) | Time:00:00.03 | Rendering 64 / 64 samples
Saved: '/home/tednological/Cognitohazard/Cognitohazard_V1/cognitohazard-v-1/assets/tilesets/scientific/normal/marking_boundary.png'
Time: 00:00.05 (Saving: 00:00.00)

Fra:1 Mem:68.15M (Peak 68.15M) | Time:00:00.01 | Rendering 1 / 64 samples
Fra:1 Mem:68.15M (Peak 68.15M) | Time:00:00.02 | Rendering 25 / 64 samples
Fra:1 Mem:68.15M (Peak 68.15M) | Time:00:00.02 | Rendering 50 / 64 samples
Fra:1 Mem:68.15M (Peak 68.15M) | Time:00:00.03 | Rendering 64 / 64 samples
Saved: '/home/tednological/Cognitohazard/Cognitohazard_V1/cognitohazard-v-1/assets/tilesets/scientific/emission/marking_boundary.png'
Time: 00:00.05 (Saving: 00:00.00)

TILESET_RENDERED scientific marking_boundary
Fra:1 Mem:69.93M (Peak 69.93M) | Time:00:00.01 | Rendering 1 / 64 samples
Fra:1 Mem:69.93M (Peak 69.93M) | Time:00:00.02 | Rendering 25 / 64 samples
Fra:1 Mem:69.93M (Peak 69.93M) | Time:00:00.03 | Rendering 50 / 64 samples
Fra:1 Mem:69.93M (Peak 69.93M) | Time:00:00.03 | Rendering 64 / 64 samples
Saved: '/home/tednological/Cognitohazard/Cognitohazard_V1/cognitohazard-v-1/assets/tilesets/scientific/albedo/lab_bench.png'
Time: 00:00.06 (Saving: 00:00.00)

Fra:1 Mem:69.89M (Peak 69.89M) | Time:00:00.01 | Rendering 1 / 64 samples
Fra:1 Mem:69.89M (Peak 69.89M) | Time:00:00.02 | Rendering 25 / 64 samples
Fra:1 Mem:69.89M (Peak 69.89M) | Time:00:00.03 | Rendering 50 / 64 samples
Fra:1 Mem:69.89M (Peak 69.89M) | Time:00:00.03 | Rendering 64 / 64 samples
Saved: '/home/tednological/Cognitohazard/Cognitohazard_V1/cognitohazard-v-1/assets/tilesets/scientific/normal/lab_bench.png'
Time: 00:00.06 (Saving: 00:00.00)

Fra:1 Mem:69.85M (Peak 69.85M) | Time:00:00.01 | Rendering 1 / 64 samples
Fra:1 Mem:69.85M (Peak 69.85M) | Time:00:00.02 | Rendering 25 / 64 samples
Fra:1 Mem:69.85M (Peak 69.85M) | Time:00:00.03 | Rendering 50 / 64 samples
Fra:1 Mem:69.85M (Peak 69.85M) | Time:00:00.03 | Rendering 64 / 64 samples
Saved: '/home/tednological/Cognitohazard/Cognitohazard_V1/cognitohazard-v-1/assets/tilesets/scientific/emission/lab_bench.png'
Time: 00:00.05 (Saving: 00:00.00)

TILESET_RENDERED scientific lab_bench
Fra:1 Mem:70.13M (Peak 70.13M) | Time:00:00.01 | Rendering 1 / 64 samples
Fra:1 Mem:70.13M (Peak 70.13M) | Time:00:00.02 | Rendering 25 / 64 samples
Fra:1 Mem:70.13M (Peak 70.13M) | Time:00:00.03 | Rendering 50 / 64 samples
Fra:1 Mem:70.13M (Peak 70.13M) | Time:00:00.03 | Rendering 64 / 64 samples
Saved: '/home/tednological/Cognitohazard/Cognitohazard_V1/cognitohazard-v-1/assets/tilesets/scientific/albedo/microscope.png'
Time: 00:00.05 (Saving: 00:00.00)

Fra:1 Mem:70.09M (Peak 70.09M) | Time:00:00.01 | Rendering 1 / 64 samples
Fra:1 Mem:70.09M (Peak 70.09M) | Time:00:00.02 | Rendering 25 / 64 samples
Fra:1 Mem:70.09M (Peak 70.09M) | Time:00:00.02 | Rendering 50 / 64 samples
Fra:1 Mem:70.09M (Peak 70.09M) | Time:00:00.03 | Rendering 64 / 64 samples
Saved: '/home/tednological/Cognitohazard/Cognitohazard_V1/cognitohazard-v-1/assets/tilesets/scientific/normal/microscope.png'
Time: 00:00.05 (Saving: 00:00.00)

Fra:1 Mem:70.05M (Peak 70.05M) | Time:00:00.01 | Rendering 1 / 64 samples
Fra:1 Mem:70.05M (Peak 70.05M) | Time:00:00.02 | Rendering 25 / 64 samples
Fra:1 Mem:70.05M (Peak 70.05M) | Time:00:00.03 | Rendering 50 / 64 samples
Fra:1 Mem:70.05M (Peak 70.05M) | Time:00:00.03 | Rendering 64 / 64 samples
Saved: '/home/tednological/Cognitohazard/Cognitohazard_V1/cognitohazard-v-1/assets/tilesets/scientific/emission/microscope.png'
Time: 00:00.05 (Saving: 00:00.00)

TILESET_RENDERED scientific microscope
Fra:1 Mem:73.02M (Peak 73.49M) | Time:00:00.01 | Rendering 1 / 64 samples
Fra:1 Mem:73.02M (Peak 73.49M) | Time:00:00.02 | Rendering 25 / 64 samples
Fra:1 Mem:73.02M (Peak 73.49M) | Time:00:00.03 | Rendering 50 / 64 samples
Fra:1 Mem:73.02M (Peak 73.49M) | Time:00:00.04 | Rendering 64 / 64 samples
Saved: '/home/tednological/Cognitohazard/Cognitohazard_V1/cognitohazard-v-1/assets/tilesets/scientific/albedo/centrifuge.png'
Time: 00:00.06 (Saving: 00:00.00)

Fra:1 Mem:72.81M (Peak 72.81M) | Time:00:00.01 | Rendering 1 / 64 samples
Fra:1 Mem:72.81M (Peak 72.81M) | Time:00:00.02 | Rendering 25 / 64 samples
Fra:1 Mem:72.81M (Peak 72.81M) | Time:00:00.03 | Rendering 50 / 64 samples
Fra:1 Mem:72.81M (Peak 72.81M) | Time:00:00.03 | Rendering 64 / 64 samples
Saved: '/home/tednological/Cognitohazard/Cognitohazard_V1/cognitohazard-v-1/assets/tilesets/scientific/normal/centrifuge.png'
Time: 00:00.06 (Saving: 00:00.00)

Fra:1 Mem:72.90M (Peak 72.90M) | Time:00:00.01 | Rendering 1 / 64 samples
Fra:1 Mem:72.90M (Peak 72.90M) | Time:00:00.02 | Rendering 25 / 64 samples
Fra:1 Mem:72.90M (Peak 72.90M) | Time:00:00.03 | Rendering 50 / 64 samples
Fra:1 Mem:72.90M (Peak 72.90M) | Time:00:00.04 | Rendering 64 / 64 samples
Saved: '/home/tednological/Cognitohazard/Cognitohazard_V1/cognitohazard-v-1/assets/tilesets/scientific/emission/centrifuge.png'
Time: 00:00.06 (Saving: 00:00.00)

TILESET_RENDERED scientific centrifuge
Fra:1 Mem:73.86M (Peak 73.86M) | Time:00:00.01 | Rendering 1 / 64 samples
Fra:1 Mem:73.86M (Peak 73.86M) | Time:00:00.02 | Rendering 25 / 64 samples
Fra:1 Mem:73.86M (Peak 73.86M) | Time:00:00.03 | Rendering 50 / 64 samples
Fra:1 Mem:73.86M (Peak 73.86M) | Time:00:00.03 | Rendering 64 / 64 samples
Saved: '/home/tednological/Cognitohazard/Cognitohazard_V1/cognitohazard-v-1/assets/tilesets/scientific/albedo/cryopod.png'
Time: 00:00.06 (Saving: 00:00.00)

Fra:1 Mem:73.54M (Peak 73.54M) | Time:00:00.01 | Rendering 1 / 64 samples
Fra:1 Mem:73.54M (Peak 73.54M) | Time:00:00.02 | Rendering 25 / 64 samples
Fra:1 Mem:73.54M (Peak 73.54M) | Time:00:00.03 | Rendering 50 / 64 samples
Fra:1 Mem:73.54M (Peak 73.54M) | Time:00:00.03 | Rendering 64 / 64 samples
Saved: '/home/tednological/Cognitohazard/Cognitohazard_V1/cognitohazard-v-1/assets/tilesets/scientific/normal/cryopod.png'
Time: 00:00.06 (Saving: 00:00.00)

Fra:1 Mem:73.72M (Peak 73.72M) | Time:00:00.01 | Rendering 1 / 64 samples
Fra:1 Mem:73.72M (Peak 73.72M) | Time:00:00.02 | Rendering 25 / 64 samples
Fra:1 Mem:73.72M (Peak 73.72M) | Time:00:00.03 | Rendering 50 / 64 samples
Fra:1 Mem:73.72M (Peak 73.72M) | Time:00:00.03 | Rendering 64 / 64 samples
Saved: '/home/tednological/Cognitohazard/Cognitohazard_V1/cognitohazard-v-1/assets/tilesets/scientific/emission/cryopod.png'
Time: 00:00.06 (Saving: 00:00.00)

TILESET_RENDERED scientific cryopod
Fra:1 Mem:75.20M (Peak 75.20M) | Time:00:00.01 | Rendering 1 / 64 samples
Fra:1 Mem:75.20M (Peak 75.20M) | Time:00:00.02 | Rendering 25 / 64 samples
Fra:1 Mem:75.20M (Peak 75.20M) | Time:00:00.03 | Rendering 50 / 64 samples
Fra:1 Mem:75.20M (Peak 75.20M) | Time:00:00.03 | Rendering 64 / 64 samples
Saved: '/home/tednological/Cognitohazard/Cognitohazard_V1/cognitohazard-v-1/assets/tilesets/scientific/albedo/containment_chamber.png'
Time: 00:00.06 (Saving: 00:00.00)

Fra:1 Mem:74.93M (Peak 74.93M) | Time:00:00.01 | Rendering 1 / 64 samples
Fra:1 Mem:74.93M (Peak 74.93M) | Time:00:00.02 | Rendering 25 / 64 samples
Fra:1 Mem:74.93M (Peak 74.93M) | Time:00:00.03 | Rendering 50 / 64 samples
Fra:1 Mem:74.93M (Peak 74.93M) | Time:00:00.03 | Rendering 64 / 64 samples
Saved: '/home/tednological/Cognitohazard/Cognitohazard_V1/cognitohazard-v-1/assets/tilesets/scientific/normal/containment_chamber.png'
Time: 00:00.06 (Saving: 00:00.00)

Fra:1 Mem:75.06M (Peak 75.06M) | Time:00:00.01 | Rendering 1 / 64 samples
Fra:1 Mem:75.06M (Peak 75.06M) | Time:00:00.02 | Rendering 25 / 64 samples
Fra:1 Mem:75.06M (Peak 75.06M) | Time:00:00.03 | Rendering 50 / 64 samples
Fra:1 Mem:75.06M (Peak 75.06M) | Time:00:00.03 | Rendering 64 / 64 samples
Saved: '/home/tednological/Cognitohazard/Cognitohazard_V1/cognitohazard-v-1/assets/tilesets/scientific/emission/containment_chamber.png'
Time: 00:00.06 (Saving: 00:00.00)

TILESET_RENDERED scientific containment_chamber
Fra:1 Mem:78.12M (Peak 78.53M) | Time:00:00.01 | Rendering 1 / 64 samples
Fra:1 Mem:78.12M (Peak 78.53M) | Time:00:00.02 | Rendering 25 / 64 samples
Fra:1 Mem:78.12M (Peak 78.53M) | Time:00:00.03 | Rendering 50 / 64 samples
Fra:1 Mem:78.12M (Peak 78.53M) | Time:00:00.04 | Rendering 64 / 64 samples
Saved: '/home/tednological/Cognitohazard/Cognitohazard_V1/cognitohazard-v-1/assets/tilesets/scientific/albedo/server_rack.png'
Time: 00:00.06 (Saving: 00:00.00)

Fra:1 Mem:77.83M (Peak 77.83M) | Time:00:00.01 | Rendering 1 / 64 samples
Fra:1 Mem:77.83M (Peak 77.83M) | Time:00:00.02 | Rendering 25 / 64 samples
Fra:1 Mem:77.83M (Peak 77.83M) | Time:00:00.03 | Rendering 50 / 64 samples
Fra:1 Mem:77.83M (Peak 77.83M) | Time:00:00.03 | Rendering 64 / 64 samples
Saved: '/home/tednological/Cognitohazard/Cognitohazard_V1/cognitohazard-v-1/assets/tilesets/scientific/normal/server_rack.png'
Time: 00:00.06 (Saving: 00:00.00)

Fra:1 Mem:78.00M (Peak 78.00M) | Time:00:00.01 | Rendering 1 / 64 samples
Fra:1 Mem:78.00M (Peak 78.00M) | Time:00:00.02 | Rendering 25 / 64 samples
Fra:1 Mem:78.00M (Peak 78.00M) | Time:00:00.03 | Rendering 50 / 64 samples
Fra:1 Mem:78.00M (Peak 78.00M) | Time:00:00.04 | Rendering 64 / 64 samples
Saved: '/home/tednological/Cognitohazard/Cognitohazard_V1/cognitohazard-v-1/assets/tilesets/scientific/emission/server_rack.png'
Time: 00:00.06 (Saving: 00:00.00)

TILESET_RENDERED scientific server_rack
Fra:1 Mem:78.82M (Peak 78.82M) | Time:00:00.01 | Rendering 1 / 64 samples
Fra:1 Mem:78.82M (Peak 78.82M) | Time:00:00.02 | Rendering 25 / 64 samples
Fra:1 Mem:78.82M (Peak 78.82M) | Time:00:00.03 | Rendering 50 / 64 samples
Fra:1 Mem:78.82M (Peak 78.82M) | Time:00:00.03 | Rendering 64 / 64 samples
Saved: '/home/tednological/Cognitohazard/Cognitohazard_V1/cognitohazard-v-1/assets/tilesets/scientific/albedo/analysis_console.png'
Time: 00:00.06 (Saving: 00:00.00)

Fra:1 Mem:78.62M (Peak 78.62M) | Time:00:00.01 | Rendering 1 / 64 samples
Fra:1 Mem:78.62M (Peak 78.62M) | Time:00:00.02 | Rendering 25 / 64 samples
Fra:1 Mem:78.62M (Peak 78.62M) | Time:00:00.03 | Rendering 50 / 64 samples
Fra:1 Mem:78.62M (Peak 78.62M) | Time:00:00.03 | Rendering 64 / 64 samples
Saved: '/home/tednological/Cognitohazard/Cognitohazard_V1/cognitohazard-v-1/assets/tilesets/scientific/normal/analysis_console.png'
Time: 00:00.06 (Saving: 00:00.00)

Fra:1 Mem:78.70M (Peak 78.70M) | Time:00:00.01 | Rendering 1 / 64 samples
Fra:1 Mem:78.70M (Peak 78.70M) | Time:00:00.02 | Rendering 25 / 64 samples
Fra:1 Mem:78.70M (Peak 78.70M) | Time:00:00.03 | Rendering 50 / 64 samples
Fra:1 Mem:78.70M (Peak 78.70M) | Time:00:00.03 | Rendering 64 / 64 samples
Saved: '/home/tednological/Cognitohazard/Cognitohazard_V1/cognitohazard-v-1/assets/tilesets/scientific/emission/analysis_console.png'
Time: 00:00.06 (Saving: 00:00.00)

TILESET_RENDERED scientific analysis_console
Fra:1 Mem:81.12M (Peak 81.72M) | Time:00:00.02 | Rendering 1 / 64 samples
Fra:1 Mem:81.12M (Peak 81.72M) | Time:00:00.02 | Rendering 25 / 64 samples
Fra:1 Mem:81.12M (Peak 81.72M) | Time:00:00.03 | Rendering 50 / 64 samples
Fra:1 Mem:81.12M (Peak 81.72M) | Time:00:00.04 | Rendering 64 / 64 samples
Saved: '/home/tednological/Cognitohazard/Cognitohazard_V1/cognitohazard-v-1/assets/tilesets/scientific/albedo/sample_rack.png'
Time: 00:00.06 (Saving: 00:00.00)

Fra:1 Mem:81.08M (Peak 81.68M) | Time:00:00.02 | Rendering 1 / 64 samples
Fra:1 Mem:81.08M (Peak 81.68M) | Time:00:00.02 | Rendering 25 / 64 samples
Fra:1 Mem:81.08M (Peak 81.68M) | Time:00:00.03 | Rendering 50 / 64 samples
Fra:1 Mem:81.08M (Peak 81.68M) | Time:00:00.04 | Rendering 64 / 64 samples
Saved: '/home/tednological/Cognitohazard/Cognitohazard_V1/cognitohazard-v-1/assets/tilesets/scientific/normal/sample_rack.png'
Time: 00:00.06 (Saving: 00:00.00)

Fra:1 Mem:81.03M (Peak 81.64M) | Time:00:00.02 | Rendering 1 / 64 samples
Fra:1 Mem:81.03M (Peak 81.64M) | Time:00:00.03 | Rendering 25 / 64 samples
Fra:1 Mem:81.03M (Peak 81.64M) | Time:00:00.03 | Rendering 50 / 64 samples
Fra:1 Mem:81.03M (Peak 81.64M) | Time:00:00.04 | Rendering 64 / 64 samples
Saved: '/home/tednological/Cognitohazard/Cognitohazard_V1/cognitohazard-v-1/assets/tilesets/scientific/emission/sample_rack.png'
Time: 00:00.06 (Saving: 00:00.00)

TILESET_RENDERED scientific sample_rack
Fra:1 Mem:80.66M (Peak 80.66M) | Time:00:00.01 | Rendering 1 / 64 samples
Fra:1 Mem:80.66M (Peak 80.66M) | Time:00:00.02 | Rendering 25 / 64 samples
Fra:1 Mem:80.66M (Peak 80.66M) | Time:00:00.03 | Rendering 50 / 64 samples
Fra:1 Mem:80.66M (Peak 80.66M) | Time:00:00.03 | Rendering 64 / 64 samples
Saved: '/home/tednological/Cognitohazard/Cognitohazard_V1/cognitohazard-v-1/assets/tilesets/scientific/albedo/medical_bed.png'
Time: 00:00.06 (Saving: 00:00.00)

Fra:1 Mem:80.62M (Peak 80.62M) | Time:00:00.01 | Rendering 1 / 64 samples
Fra:1 Mem:80.62M (Peak 80.62M) | Time:00:00.02 | Rendering 25 / 64 samples
Fra:1 Mem:80.62M (Peak 80.62M) | Time:00:00.03 | Rendering 50 / 64 samples
Fra:1 Mem:80.62M (Peak 80.62M) | Time:00:00.03 | Rendering 64 / 64 samples
Saved: '/home/tednological/Cognitohazard/Cognitohazard_V1/cognitohazard-v-1/assets/tilesets/scientific/normal/medical_bed.png'
Time: 00:00.06 (Saving: 00:00.00)

Fra:1 Mem:80.58M (Peak 80.58M) | Time:00:00.01 | Rendering 1 / 64 samples
Fra:1 Mem:80.58M (Peak 80.58M) | Time:00:00.02 | Rendering 25 / 64 samples
Fra:1 Mem:80.58M (Peak 80.58M) | Time:00:00.03 | Rendering 50 / 64 samples
Fra:1 Mem:80.58M (Peak 80.58M) | Time:00:00.03 | Rendering 64 / 64 samples
Saved: '/home/tednological/Cognitohazard/Cognitohazard_V1/cognitohazard-v-1/assets/tilesets/scientific/emission/medical_bed.png'
Time: 00:00.06 (Saving: 00:00.00)

TILESET_RENDERED scientific medical_bed
Fra:1 Mem:82.03M (Peak 82.29M) | Time:00:00.01 | Rendering 1 / 64 samples
Fra:1 Mem:82.03M (Peak 82.29M) | Time:00:00.02 | Rendering 25 / 64 samples
Fra:1 Mem:82.03M (Peak 82.29M) | Time:00:00.03 | Rendering 50 / 64 samples
Fra:1 Mem:82.03M (Peak 82.29M) | Time:00:00.03 | Rendering 64 / 64 samples
Saved: '/home/tednological/Cognitohazard/Cognitohazard_V1/cognitohazard-v-1/assets/tilesets/scientific/albedo/fume_hood.png'
Time: 00:00.06 (Saving: 00:00.00)

Fra:1 Mem:81.93M (Peak 81.93M) | Time:00:00.01 | Rendering 1 / 64 samples
Fra:1 Mem:81.93M (Peak 81.93M) | Time:00:00.02 | Rendering 25 / 64 samples
Fra:1 Mem:81.93M (Peak 81.93M) | Time:00:00.03 | Rendering 50 / 64 samples
Fra:1 Mem:81.93M (Peak 81.93M) | Time:00:00.03 | Rendering 64 / 64 samples
Saved: '/home/tednological/Cognitohazard/Cognitohazard_V1/cognitohazard-v-1/assets/tilesets/scientific/normal/fume_hood.png'
Time: 00:00.06 (Saving: 00:00.00)

Fra:1 Mem:81.92M (Peak 81.92M) | Time:00:00.01 | Rendering 1 / 64 samples
Fra:1 Mem:81.92M (Peak 81.92M) | Time:00:00.02 | Rendering 25 / 64 samples
Fra:1 Mem:81.92M (Peak 81.92M) | Time:00:00.03 | Rendering 50 / 64 samples
Fra:1 Mem:81.92M (Peak 81.92M) | Time:00:00.03 | Rendering 64 / 64 samples
Saved: '/home/tednological/Cognitohazard/Cognitohazard_V1/cognitohazard-v-1/assets/tilesets/scientific/emission/fume_hood.png'
Time: 00:00.06 (Saving: 00:00.00)

TILESET_RENDERED scientific fume_hood
Fra:1 Mem:83.08M (Peak 83.08M) | Time:00:00.01 | Rendering 1 / 64 samples
Fra:1 Mem:83.08M (Peak 83.08M) | Time:00:00.02 | Rendering 25 / 64 samples
Fra:1 Mem:83.08M (Peak 83.08M) | Time:00:00.03 | Rendering 50 / 64 samples
Fra:1 Mem:83.08M (Peak 83.08M) | Time:00:00.03 | Rendering 64 / 64 samples
Saved: '/home/tednological/Cognitohazard/Cognitohazard_V1/cognitohazard-v-1/assets/tilesets/scientific/albedo/sterilizer.png'
Time: 00:00.06 (Saving: 00:00.00)

Fra:1 Mem:82.87M (Peak 82.87M) | Time:00:00.01 | Rendering 1 / 64 samples
Fra:1 Mem:82.87M (Peak 82.87M) | Time:00:00.02 | Rendering 25 / 64 samples
Fra:1 Mem:82.87M (Peak 82.87M) | Time:00:00.03 | Rendering 50 / 64 samples
Fra:1 Mem:82.87M (Peak 82.87M) | Time:00:00.03 | Rendering 64 / 64 samples
Saved: '/home/tednological/Cognitohazard/Cognitohazard_V1/cognitohazard-v-1/assets/tilesets/scientific/normal/sterilizer.png'
Time: 00:00.06 (Saving: 00:00.00)

Fra:1 Mem:82.96M (Peak 82.96M) | Time:00:00.01 | Rendering 1 / 64 samples
Fra:1 Mem:82.96M (Peak 82.96M) | Time:00:00.02 | Rendering 25 / 64 samples
Fra:1 Mem:82.96M (Peak 82.96M) | Time:00:00.03 | Rendering 50 / 64 samples
Fra:1 Mem:82.96M (Peak 82.96M) | Time:00:00.03 | Rendering 64 / 64 samples
Saved: '/home/tednological/Cognitohazard/Cognitohazard_V1/cognitohazard-v-1/assets/tilesets/scientific/emission/sterilizer.png'
Time: 00:00.06 (Saving: 00:00.00)

TILESET_RENDERED scientific sterilizer
Fra:1 Mem:83.33M (Peak 83.33M) | Time:00:00.01 | Rendering 1 / 64 samples
Fra:1 Mem:83.33M (Peak 83.33M) | Time:00:00.02 | Rendering 25 / 64 samples
Fra:1 Mem:83.33M (Peak 83.33M) | Time:00:00.03 | Rendering 50 / 64 samples
Fra:1 Mem:83.33M (Peak 83.33M) | Time:00:00.03 | Rendering 64 / 64 samples
Saved: '/home/tednological/Cognitohazard/Cognitohazard_V1/cognitohazard-v-1/assets/tilesets/scientific/albedo/gas_cylinders.png'
Time: 00:00.06 (Saving: 00:00.00)

Fra:1 Mem:83.29M (Peak 83.29M) | Time:00:00.01 | Rendering 1 / 64 samples
Fra:1 Mem:83.29M (Peak 83.29M) | Time:00:00.02 | Rendering 25 / 64 samples
Fra:1 Mem:83.29M (Peak 83.29M) | Time:00:00.02 | Rendering 50 / 64 samples
Fra:1 Mem:83.29M (Peak 83.29M) | Time:00:00.03 | Rendering 64 / 64 samples
Saved: '/home/tednological/Cognitohazard/Cognitohazard_V1/cognitohazard-v-1/assets/tilesets/scientific/normal/gas_cylinders.png'
Time: 00:00.06 (Saving: 00:00.00)

Fra:1 Mem:83.25M (Peak 83.25M) | Time:00:00.01 | Rendering 1 / 64 samples
Fra:1 Mem:83.25M (Peak 83.25M) | Time:00:00.02 | Rendering 25 / 64 samples
Fra:1 Mem:83.25M (Peak 83.25M) | Time:00:00.02 | Rendering 50 / 64 samples
Fra:1 Mem:83.25M (Peak 83.25M) | Time:00:00.03 | Rendering 64 / 64 samples
Saved: '/home/tednological/Cognitohazard/Cognitohazard_V1/cognitohazard-v-1/assets/tilesets/scientific/emission/gas_cylinders.png'
Time: 00:00.06 (Saving: 00:00.00)

TILESET_RENDERED scientific gas_cylinders
Fra:1 Mem:83.63M (Peak 83.63M) | Time:00:00.01 | Rendering 1 / 64 samples
Fra:1 Mem:83.63M (Peak 83.63M) | Time:00:00.02 | Rendering 25 / 64 samples
Fra:1 Mem:83.63M (Peak 83.63M) | Time:00:00.02 | Rendering 50 / 64 samples
Fra:1 Mem:83.63M (Peak 83.63M) | Time:00:00.03 | Rendering 64 / 64 samples
Saved: '/home/tednological/Cognitohazard/Cognitohazard_V1/cognitohazard-v-1/assets/tilesets/scientific/albedo/robot_arm.png'
Time: 00:00.06 (Saving: 00:00.00)

Fra:1 Mem:83.59M (Peak 83.59M) | Time:00:00.01 | Rendering 1 / 64 samples
Fra:1 Mem:83.59M (Peak 83.59M) | Time:00:00.02 | Rendering 25 / 64 samples
Fra:1 Mem:83.59M (Peak 83.59M) | Time:00:00.02 | Rendering 50 / 64 samples
Fra:1 Mem:83.59M (Peak 83.59M) | Time:00:00.03 | Rendering 64 / 64 samples
Saved: '/home/tednological/Cognitohazard/Cognitohazard_V1/cognitohazard-v-1/assets/tilesets/scientific/normal/robot_arm.png'
Time: 00:00.06 (Saving: 00:00.00)

Fra:1 Mem:83.54M (Peak 83.54M) | Time:00:00.01 | Rendering 1 / 64 samples
Fra:1 Mem:83.54M (Peak 83.54M) | Time:00:00.02 | Rendering 25 / 64 samples
Fra:1 Mem:83.54M (Peak 83.54M) | Time:00:00.02 | Rendering 50 / 64 samples
Fra:1 Mem:83.54M (Peak 83.54M) | Time:00:00.03 | Rendering 64 / 64 samples
Saved: '/home/tednological/Cognitohazard/Cognitohazard_V1/cognitohazard-v-1/assets/tilesets/scientific/emission/robot_arm.png'
Time: 00:00.05 (Saving: 00:00.00)

TILESET_RENDERED scientific robot_arm
Fra:1 Mem:85.35M (Peak 85.35M) | Time:00:00.01 | Rendering 1 / 64 samples
Fra:1 Mem:85.35M (Peak 85.35M) | Time:00:00.02 | Rendering 25 / 64 samples
Fra:1 Mem:85.35M (Peak 85.35M) | Time:00:00.03 | Rendering 50 / 64 samples
Fra:1 Mem:85.35M (Peak 85.35M) | Time:00:00.03 | Rendering 64 / 64 samples
Saved: '/home/tednological/Cognitohazard/Cognitohazard_V1/cognitohazard-v-1/assets/tilesets/scientific/albedo/specimen_freezer.png'
Time: 00:00.06 (Saving: 00:00.00)

Fra:1 Mem:85.13M (Peak 85.13M) | Time:00:00.01 | Rendering 1 / 64 samples
Fra:1 Mem:85.13M (Peak 85.13M) | Time:00:00.02 | Rendering 25 / 64 samples
Fra:1 Mem:85.13M (Peak 85.13M) | Time:00:00.03 | Rendering 50 / 64 samples
Fra:1 Mem:85.13M (Peak 85.13M) | Time:00:00.03 | Rendering 64 / 64 samples
Saved: '/home/tednological/Cognitohazard/Cognitohazard_V1/cognitohazard-v-1/assets/tilesets/scientific/normal/specimen_freezer.png'
Time: 00:00.05 (Saving: 00:00.00)

Fra:1 Mem:85.22M (Peak 85.22M) | Time:00:00.01 | Rendering 1 / 64 samples
Fra:1 Mem:85.22M (Peak 85.22M) | Time:00:00.02 | Rendering 25 / 64 samples
Fra:1 Mem:85.22M (Peak 85.22M) | Time:00:00.03 | Rendering 50 / 64 samples
Fra:1 Mem:85.22M (Peak 85.22M) | Time:00:00.03 | Rendering 64 / 64 samples
Saved: '/home/tednological/Cognitohazard/Cognitohazard_V1/cognitohazard-v-1/assets/tilesets/scientific/emission/specimen_freezer.png'
Time: 00:00.06 (Saving: 00:00.00)

TILESET_RENDERED scientific specimen_freezer
Info: Saved as "scientific_tileset.blend"
TILESETS_COMPLETE

Blender quit
